<html>
<body>
<pre>
<h1>µVision Build Log</h1>
<h2>Tool Versions:</h2>
IDE-Version: ¦ÌVision V5.38.0.0
Copyright (C) 2022 ARM Ltd and ARM Germany GmbH. All rights reserved.
License Information: 0 0, 0, LIC=KRMW3-A4H0P-CX3U6-DTQMN-7FG8Q-9GI06
 
Tool Versions:
Toolchain:       MDK-ARM Plus  Version: 5.38.0.0
Toolchain Path:  C:\Keil_v5\ARM\ARMCLANG\Bin
C Compiler:      ArmClang.exe V6.19
Assembler:       Armasm.exe V6.19
Linker/Locator:  ArmLink.exe V6.19
Library Manager: ArmAr.exe V6.19
Hex Converter:   FromElf.exe V6.19
CPU DLL:         SARMCM3.DLL V5.38.0.0
Dialog DLL:      DCM.DLL V1.17.5.0
Target DLL:      Segger\JL2CM3.dll V2.99.42.0
Dialog DLL:      TCM.DLL V1.56.4.0
 
<h2>Project:</h2>
D:\2024_ZJH\MotorTest\MDK-ARM\MY_ENGINEER.uvprojx
Project File Date:  11/07/2023

<h2>Output:</h2>
*** Using Compiler 'V6.19', folder: 'C:\Keil_v5\ARM\ARMCLANG\Bin'
Build target 'MY_ENGINEER'
compiling gpio.c...
compiling can.c...
compiling freertos.c...
compiling tim.c...
compiling stm32f4xx_it.c...
compiling dma.c...
compiling iwdg.c...
compiling stm32f4xx_hal_msp.c...
compiling spi.c...
compiling main.c...
compiling usart.c...
compiling stm32f4xx_hal_timebase_tim.c...
compiling stm32f4xx_hal_rcc_ex.c...
compiling stm32f4xx_hal_flash.c...
compiling stm32f4xx_hal_rcc.c...
compiling stm32f4xx_hal_flash_ramfunc.c...
compiling stm32f4xx_hal_flash_ex.c...
compiling stm32f4xx_hal_gpio.c...
compiling stm32f4xx_hal_can.c...
compiling stm32f4xx_hal_pwr.c...
compiling stm32f4xx_hal_dma_ex.c...
compiling stm32f4xx_hal_dma.c...
compiling stm32f4xx_hal_pwr_ex.c...
compiling stm32f4xx_hal_cortex.c...
compiling stm32f4xx_hal_exti.c...
compiling croutine.c...
compiling stm32f4xx_hal_iwdg.c...
compiling stm32f4xx_hal.c...
compiling system_stm32f4xx.c...
compiling event_groups.c...
compiling list.c...
compiling stm32f4xx_hal_spi.c...
compiling stm32f4xx_hal_tim_ex.c...
compiling timers.c...
compiling stm32f4xx_hal_uart.c...
compiling stream_buffer.c...
compiling queue.c...
compiling heap_4.c...
compiling rp_math.c...
compiling port.c...
compiling tasks.c...
compiling cmsis_os.c...
compiling ave_filter.c...
compiling stm32f4xx_hal_tim.c...
compiling math_support.c...
compiling drive.c...
compiling drv_can.c...
compiling drv_haltick.c...
compiling drv_io.c...
compiling drv_tim.c...
compiling drv_flash.c...
compiling drv_uart.c...
compiling motor.c...
compiling MOTOR_EXAMPLE.c...
compiling can_protocol.c...
compiling crc.c...
compiling config_can.c...
compiling remote_protocol.c...
compiling config_uart.c...
compiling device.c...
compiling remote.c...
compiling test_motor.c...
compiling control.c...
compiling test.c...
compiling oled.c...
compiling my_task.c...
compiling common.c...
compiling bmi.c...
compiling imu_protocol.c...
compiling bmi270.c...
compiling imu_sensor.c...
compiling BasicMathFunctionsF16.c...
compiling FastMathFunctionsF16.c...
compiling MatrixFunctionsF16.c...
compiling CommonTablesF16.c...
compiling bmi2.c...
compiling FastMathFunctions.c...
compiling BasicMathFunctions.c...
compiling MatrixFunctions.c...
compiling CommonTables.c...
linking...
Program Size: Code=40508 RO-data=624 RW-data=1024 ZI-data=21224  
FromELF: creating hex file...
"MY_ENGINEER\MY_ENGINEER.axf" - 0 Error(s), 0 Warning(s).

<h2>Software Packages used:</h2>

Package Vendor: ARM
                http://www.keil.com/pack/ARM.CMSIS.5.9.0.pack
                ARM.CMSIS.5.9.0
                CMSIS (Common Microcontroller Software Interface Standard)
   * Component: CORE Version: 5.6.0

Package Vendor: Keil
                https://www.keil.com/pack/Keil.STM32F4xx_DFP.2.17.1.pack
                Keil.STM32F4xx_DFP.2.17.1
                STMicroelectronics STM32F4 Series Device Support, Drivers and Examples

<h2>Collection of Component include folders:</h2>
  ./RTE/_MY_ENGINEER
  C:/Users/18129/AppData/Local/Arm/Packs/ARM/CMSIS/5.9.0/CMSIS/Core/Include
  C:/Users/18129/AppData/Local/Arm/Packs/Keil/STM32F4xx_DFP/2.17.1/Drivers/CMSIS/Device/ST/STM32F4xx/Include

<h2>Collection of Component Files used:</h2>

   * Component: ARM::CMSIS:CORE:5.6.0
      Include file:  CMSIS/Core/Include/tz_context.h
Build Time Elapsed:  00:00:03
</pre>
</body>
</html>
