Component: Arm Compiler for Embedded 6.19 Tool: armlink [5e73cb00]

==============================================================================

Section Cross References

    startup_stm32f407xx.o(STACK) refers (Special) to heapauxi.o(.text) for __use_two_region_memory
    startup_stm32f407xx.o(HEAP) refers (Special) to heapauxi.o(.text) for __use_two_region_memory
    startup_stm32f407xx.o(RESET) refers (Special) to heapauxi.o(.text) for __use_two_region_memory
    startup_stm32f407xx.o(RESET) refers to startup_stm32f407xx.o(STACK) for __initial_sp
    startup_stm32f407xx.o(RESET) refers to startup_stm32f407xx.o(.text) for Reset_Handler
    startup_stm32f407xx.o(RESET) refers to stm32f4xx_it.o(.text.NMI_Handler) for NMI_Handler
    startup_stm32f407xx.o(RESET) refers to stm32f4xx_it.o(.text.HardFault_Handler) for HardFault_Handler
    startup_stm32f407xx.o(RESET) refers to stm32f4xx_it.o(.text.MemManage_Handler) for MemManage_Handler
    startup_stm32f407xx.o(RESET) refers to stm32f4xx_it.o(.text.BusFault_Handler) for BusFault_Handler
    startup_stm32f407xx.o(RESET) refers to stm32f4xx_it.o(.text.UsageFault_Handler) for UsageFault_Handler
    startup_stm32f407xx.o(RESET) refers to port.o(.text.SVC_Handler) for SVC_Handler
    startup_stm32f407xx.o(RESET) refers to stm32f4xx_it.o(.text.DebugMon_Handler) for DebugMon_Handler
    startup_stm32f407xx.o(RESET) refers to port.o(.text.PendSV_Handler) for PendSV_Handler
    startup_stm32f407xx.o(RESET) refers to port.o(.text.SysTick_Handler) for SysTick_Handler
    startup_stm32f407xx.o(RESET) refers to stm32f4xx_it.o(.text.DMA1_Stream0_IRQHandler) for DMA1_Stream0_IRQHandler
    startup_stm32f407xx.o(RESET) refers to stm32f4xx_it.o(.text.DMA1_Stream1_IRQHandler) for DMA1_Stream1_IRQHandler
    startup_stm32f407xx.o(RESET) refers to stm32f4xx_it.o(.text.DMA1_Stream2_IRQHandler) for DMA1_Stream2_IRQHandler
    startup_stm32f407xx.o(RESET) refers to stm32f4xx_it.o(.text.DMA1_Stream3_IRQHandler) for DMA1_Stream3_IRQHandler
    startup_stm32f407xx.o(RESET) refers to stm32f4xx_it.o(.text.DMA1_Stream4_IRQHandler) for DMA1_Stream4_IRQHandler
    startup_stm32f407xx.o(RESET) refers to stm32f4xx_it.o(.text.DMA1_Stream5_IRQHandler) for DMA1_Stream5_IRQHandler
    startup_stm32f407xx.o(RESET) refers to stm32f4xx_it.o(.text.CAN1_RX0_IRQHandler) for CAN1_RX0_IRQHandler
    startup_stm32f407xx.o(RESET) refers to stm32f4xx_it.o(.text.TIM2_IRQHandler) for TIM2_IRQHandler
    startup_stm32f407xx.o(RESET) refers to stm32f4xx_it.o(.text.USART1_IRQHandler) for USART1_IRQHandler
    startup_stm32f407xx.o(RESET) refers to stm32f4xx_it.o(.text.USART2_IRQHandler) for USART2_IRQHandler
    startup_stm32f407xx.o(RESET) refers to stm32f4xx_it.o(.text.USART3_IRQHandler) for USART3_IRQHandler
    startup_stm32f407xx.o(RESET) refers to stm32f4xx_it.o(.text.DMA1_Stream7_IRQHandler) for DMA1_Stream7_IRQHandler
    startup_stm32f407xx.o(RESET) refers to stm32f4xx_it.o(.text.UART4_IRQHandler) for UART4_IRQHandler
    startup_stm32f407xx.o(RESET) refers to stm32f4xx_it.o(.text.UART5_IRQHandler) for UART5_IRQHandler
    startup_stm32f407xx.o(RESET) refers to stm32f4xx_it.o(.text.DMA2_Stream1_IRQHandler) for DMA2_Stream1_IRQHandler
    startup_stm32f407xx.o(RESET) refers to stm32f4xx_it.o(.text.DMA2_Stream2_IRQHandler) for DMA2_Stream2_IRQHandler
    startup_stm32f407xx.o(RESET) refers to stm32f4xx_it.o(.text.CAN2_RX0_IRQHandler) for CAN2_RX0_IRQHandler
    startup_stm32f407xx.o(RESET) refers to stm32f4xx_it.o(.text.DMA2_Stream6_IRQHandler) for DMA2_Stream6_IRQHandler
    startup_stm32f407xx.o(RESET) refers to stm32f4xx_it.o(.text.DMA2_Stream7_IRQHandler) for DMA2_Stream7_IRQHandler
    startup_stm32f407xx.o(RESET) refers to stm32f4xx_it.o(.text.USART6_IRQHandler) for USART6_IRQHandler
    startup_stm32f407xx.o(.text) refers (Special) to heapauxi.o(.text) for __use_two_region_memory
    startup_stm32f407xx.o(.text) refers to system_stm32f4xx.o(.text.SystemInit) for SystemInit
    startup_stm32f407xx.o(.text) refers to __main.o(!!!main) for __main
    startup_stm32f407xx.o(.text) refers to startup_stm32f407xx.o(HEAP) for Heap_Mem
    startup_stm32f407xx.o(.text) refers to startup_stm32f407xx.o(STACK) for Stack_Mem
    main.o(.text.main) refers to stm32f4xx_hal.o(.text.HAL_Init) for HAL_Init
    main.o(.text.main) refers to main.o(.text.SystemClock_Config) for SystemClock_Config
    main.o(.text.main) refers to gpio.o(.text.MX_GPIO_Init) for MX_GPIO_Init
    main.o(.text.main) refers to dma.o(.text.MX_DMA_Init) for MX_DMA_Init
    main.o(.text.main) refers to can.o(.text.MX_CAN1_Init) for MX_CAN1_Init
    main.o(.text.main) refers to can.o(.text.MX_CAN2_Init) for MX_CAN2_Init
    main.o(.text.main) refers to usart.o(.text.MX_USART2_UART_Init) for MX_USART2_UART_Init
    main.o(.text.main) refers to usart.o(.text.MX_USART1_UART_Init) for MX_USART1_UART_Init
    main.o(.text.main) refers to usart.o(.text.MX_UART5_Init) for MX_UART5_Init
[...]
    HAL_CAN_Init                             0x08002331   Thumb Code   478  stm32f4xx_hal_can.o(.text.HAL_CAN_Init)
    HAL_CAN_MspInit                          0x08002511   Thumb Code   388  can.o(.text.HAL_CAN_MspInit)
    HAL_CAN_RxFifo0FullCallback              0x08002695   Thumb Code     8  stm32f4xx_hal_can.o(.text.HAL_CAN_RxFifo0FullCallback)
    HAL_CAN_RxFifo0MsgPendingCallback        0x0800269d   Thumb Code   118  can_protocol.o(.text.HAL_CAN_RxFifo0MsgPendingCallback)
    HAL_CAN_RxFifo1FullCallback              0x08002715   Thumb Code     8  stm32f4xx_hal_can.o(.text.HAL_CAN_RxFifo1FullCallback)
    HAL_CAN_RxFifo1MsgPendingCallback        0x0800271d   Thumb Code     8  stm32f4xx_hal_can.o(.text.HAL_CAN_RxFifo1MsgPendingCallback)
    HAL_CAN_SleepCallback                    0x08002725   Thumb Code     8  stm32f4xx_hal_can.o(.text.HAL_CAN_SleepCallback)
    HAL_CAN_Start                            0x0800272d   Thumb Code   138  stm32f4xx_hal_can.o(.text.HAL_CAN_Start)
    HAL_CAN_TxHeadeInit                      0x080027b9   Thumb Code    36  drv_can.o(.text.HAL_CAN_TxHeadeInit)
    HAL_CAN_TxMailbox0AbortCallback          0x080027dd   Thumb Code     8  stm32f4xx_hal_can.o(.text.HAL_CAN_TxMailbox0AbortCallback)
    HAL_CAN_TxMailbox0CompleteCallback       0x080027e5   Thumb Code     8  stm32f4xx_hal_can.o(.text.HAL_CAN_TxMailbox0CompleteCallback)
    HAL_CAN_TxMailbox1AbortCallback          0x080027ed   Thumb Code     8  stm32f4xx_hal_can.o(.text.HAL_CAN_TxMailbox1AbortCallback)
    HAL_CAN_TxMailbox1CompleteCallback       0x080027f5   Thumb Code     8  stm32f4xx_hal_can.o(.text.HAL_CAN_TxMailbox1CompleteCallback)
    HAL_CAN_TxMailbox2AbortCallback          0x080027fd   Thumb Code     8  stm32f4xx_hal_can.o(.text.HAL_CAN_TxMailbox2AbortCallback)
    HAL_CAN_TxMailbox2CompleteCallback       0x08002805   Thumb Code     8  stm32f4xx_hal_can.o(.text.HAL_CAN_TxMailbox2CompleteCallback)
    HAL_CAN_WakeUpFromRxMsgCallback          0x0800280d   Thumb Code     8  stm32f4xx_hal_can.o(.text.HAL_CAN_WakeUpFromRxMsgCallback)
    HAL_DMA_Abort                            0x08002815   Thumb Code   236  stm32f4xx_hal_dma.o(.text.HAL_DMA_Abort)
    HAL_DMA_Abort_IT                         0x08002901   Thumb Code    68  stm32f4xx_hal_dma.o(.text.HAL_DMA_Abort_IT)
    HAL_DMA_IRQHandler                       0x08002945   Thumb Code   798  stm32f4xx_hal_dma.o(.text.HAL_DMA_IRQHandler)
    HAL_DMA_Init                             0x08002c65   Thumb Code   366  stm32f4xx_hal_dma.o(.text.HAL_DMA_Init)
    HAL_DMA_Start_IT                         0x08002dd5   Thumb Code   194  stm32f4xx_hal_dma.o(.text.HAL_DMA_Start_IT)
    HAL_GPIO_Init                            0x08002e99   Thumb Code   950  stm32f4xx_hal_gpio.o(.text.HAL_GPIO_Init)
    HAL_GPIO_WritePin                        0x08003251   Thumb Code    46  stm32f4xx_hal_gpio.o(.text.HAL_GPIO_WritePin)
    HAL_GetTick                              0x08003281   Thumb Code    12  stm32f4xx_hal.o(.text.HAL_GetTick)
    HAL_IWDG_Refresh                         0x0800328d   Thumb Code    20  stm32f4xx_hal_iwdg.o(.text.HAL_IWDG_Refresh)
    HAL_IncTick                              0x080032a1   Thumb Code    26  stm32f4xx_hal.o(.text.HAL_IncTick)
    HAL_Init                                 0x080032bd   Thumb Code    54  stm32f4xx_hal.o(.text.HAL_Init)
    HAL_InitTick                             0x080032f5   Thumb Code   236  stm32f4xx_hal_timebase_tim.o(.text.HAL_InitTick)
    HAL_MspInit                              0x080033e1   Thumb Code    88  stm32f4xx_hal_msp.o(.text.HAL_MspInit)
    HAL_NVIC_EnableIRQ                       0x08003439   Thumb Code    20  stm32f4xx_hal_cortex.o(.text.HAL_NVIC_EnableIRQ)
    HAL_NVIC_SetPriority                     0x0800344d   Thumb Code    50  stm32f4xx_hal_cortex.o(.text.HAL_NVIC_SetPriority)
    HAL_NVIC_SetPriorityGrouping             0x08003481   Thumb Code    16  stm32f4xx_hal_cortex.o(.text.HAL_NVIC_SetPriorityGrouping)
    HAL_NVIC_SystemReset                     0x08003491   Thumb Code     4  stm32f4xx_hal_cortex.o(.text.HAL_NVIC_SystemReset)
    HAL_RCC_ClockConfig                      0x08003495   Thumb Code   610  stm32f4xx_hal_rcc.o(.text.HAL_RCC_ClockConfig)
    HAL_RCC_GetClockConfig                   0x080036f9   Thumb Code    84  stm32f4xx_hal_rcc.o(.text.HAL_RCC_GetClockConfig)
    HAL_RCC_GetHCLKFreq                      0x0800374d   Thumb Code    12  stm32f4xx_hal_rcc.o(.text.HAL_RCC_GetHCLKFreq)
    HAL_RCC_GetPCLK1Freq                     0x08003759   Thumb Code    34  stm32f4xx_hal_rcc.o(.text.HAL_RCC_GetPCLK1Freq)
    HAL_RCC_GetPCLK2Freq                     0x0800377d   Thumb Code    34  stm32f4xx_hal_rcc.o(.text.HAL_RCC_GetPCLK2Freq)
    HAL_RCC_GetSysClockFreq                  0x080037a1   Thumb Code   230  stm32f4xx_hal_rcc.o(.text.HAL_RCC_GetSysClockFreq)
    HAL_RCC_OscConfig                        0x08003889   Thumb Code  1726  stm32f4xx_hal_rcc.o(.text.HAL_RCC_OscConfig)
    HAL_SPI_Init                             0x08003f49   Thumb Code   256  stm32f4xx_hal_spi.o(.text.HAL_SPI_Init)
    HAL_SPI_MspInit                          0x08004049   Thumb Code   146  spi.o(.text.HAL_SPI_MspInit)
    HAL_TIMEx_BreakCallback                  0x080040dd   Thumb Code     8  stm32f4xx_hal_tim_ex.o(.text.HAL_TIMEx_BreakCallback)
    HAL_TIMEx_CommutCallback                 0x080040e5   Thumb Code     8  stm32f4xx_hal_tim_ex.o(.text.HAL_TIMEx_CommutCallback)
    HAL_TIM_Base_Init                        0x080040ed   Thumb Code   156  stm32f4xx_hal_tim.o(.text.HAL_TIM_Base_Init)
    HAL_TIM_Base_MspInit                     0x08004189   Thumb Code    62  tim.o(.text.HAL_TIM_Base_MspInit)
    HAL_TIM_Base_Start_IT                    0x080041c9   Thumb Code   246  stm32f4xx_hal_tim.o(.text.HAL_TIM_Base_Start_IT)
    HAL_TIM_IC_CaptureCallback               0x080042c1   Thumb Code     8  stm32f4xx_hal_tim.o(.text.HAL_TIM_IC_CaptureCallback)
    HAL_TIM_IRQHandler                       0x080042c9   Thumb Code   634  stm32f4xx_hal_tim.o(.text.HAL_TIM_IRQHandler)
    HAL_TIM_MspPostInit                      0x08004545   Thumb Code   110  tim.o(.text.HAL_TIM_MspPostInit)
    HAL_TIM_OC_DelayElapsedCallback          0x080045b5   Thumb Code     8  stm32f4xx_hal_tim.o(.text.HAL_TIM_OC_DelayElapsedCallback)
    HAL_TIM_PWM_ConfigChannel                0x080045bd   Thumb Code   322  stm32f4xx_hal_tim.o(.text.HAL_TIM_PWM_ConfigChannel)
    HAL_TIM_PWM_Init                         0x08004701   Thumb Code   156  stm32f4xx_hal_tim.o(.text.HAL_TIM_PWM_Init)
    HAL_TIM_PWM_MspInit                      0x0800479d   Thumb Code     8  stm32f4xx_hal_tim.o(.text.HAL_TIM_PWM_MspInit)
    HAL_TIM_PWM_PulseFinishedCallback        0x080047a5   Thumb Code     8  stm32f4xx_hal_tim.o(.text.HAL_TIM_PWM_PulseFinishedCallback)
    HAL_TIM_PWM_Start                        0x080047ad   Thumb Code   458  stm32f4xx_hal_tim.o(.text.HAL_TIM_PWM_Start)
    HAL_TIM_PeriodElapsedCallback            0x08004979   Thumb Code    28  main.o(.text.HAL_TIM_PeriodElapsedCallback)
    HAL_TIM_TriggerCallback                  0x08004995   Thumb Code     8  stm32f4xx_hal_tim.o(.text.HAL_TIM_TriggerCallback)
    HAL_UARTEx_RxEventCallback               0x0800499d   Thumb Code    12  stm32f4xx_hal_uart.o(.text.HAL_UARTEx_RxEventCallback)
    HAL_UART_ErrorCallback                   0x080049a9   Thumb Code     8  stm32f4xx_hal_uart.o(.text.HAL_UART_ErrorCallback)
    HAL_UART_IRQHandler                      0x080049b1   Thumb Code  1054  stm32f4xx_hal_uart.o(.text.HAL_UART_IRQHandler)
    HAL_UART_Init                            0x08004dd1   Thumb Code   154  stm32f4xx_hal_uart.o(.text.HAL_UART_Init)
    HAL_UART_MspInit                         0x08004e6d   Thumb Code  1908  usart.o(.text.HAL_UART_MspInit)
    HAL_UART_RxCpltCallback                  0x080055e1   Thumb Code     8  stm32f4xx_hal_uart.o(.text.HAL_UART_RxCpltCallback)
    HAL_UART_Transmit_DMA                    0x080055e9   Thumb Code   272  stm32f4xx_hal_uart.o(.text.HAL_UART_Transmit_DMA)
    HAL_UART_TxCpltCallback                  0x080056f9   Thumb Code     8  stm32f4xx_hal_uart.o(.text.HAL_UART_TxCpltCallback)
    HAL_UART_TxHalfCpltCallback              0x08005701   Thumb Code     8  stm32f4xx_hal_uart.o(.text.HAL_UART_TxHalfCpltCallback)
    HardFault_Handler                        0x08005709   Thumb Code     4  stm32f4xx_it.o(.text.HardFault_Handler)
    KTmotor_pid_ctrl                         0x0800570d   Thumb Code   332  motor.o(.text.KTmotor_pid_ctrl)
    MX_CAN1_Init                             0x08005859   Thumb Code    78  can.o(.text.MX_CAN1_Init)
    MX_CAN2_Init                             0x080058a9   Thumb Code    78  can.o(.text.MX_CAN2_Init)
    MX_DMA_Init                              0x080058f9   Thumb Code   278  dma.o(.text.MX_DMA_Init)
    MX_FREERTOS_Init                         0x08005a11   Thumb Code   258  freertos.o(.text.MX_FREERTOS_Init)
    MX_GPIO_Init                             0x08005b15   Thumb Code   362  gpio.o(.text.MX_GPIO_Init)
    MX_SPI2_Init                             0x08005c81   Thumb Code    78  spi.o(.text.MX_SPI2_Init)
    MX_TIM11_Init                            0x08005cd1   Thumb Code   144  tim.o(.text.MX_TIM11_Init)
    MX_UART4_Init                            0x08005d61   Thumb Code    64  usart.o(.text.MX_UART4_Init)
    MX_UART5_Init                            0x08005da1   Thumb Code    64  usart.o(.text.MX_UART5_Init)
    MX_USART1_UART_Init                      0x08005de1   Thumb Code    64  usart.o(.text.MX_USART1_UART_Init)
    MX_USART2_UART_Init                      0x08005e21   Thumb Code    68  usart.o(.text.MX_USART2_UART_Init)
    MX_USART3_UART_Init                      0x08005e65   Thumb Code    64  usart.o(.text.MX_USART3_UART_Init)
    MX_USART6_UART_Init                      0x08005ea5   Thumb Code    64  usart.o(.text.MX_USART6_UART_Init)
    MemManage_Handler                        0x08005ee5   Thumb Code     4  stm32f4xx_it.o(.text.MemManage_Handler)
    Motor_Class_HeartBeat                    0x08005ee9   Thumb Code    78  motor.o(.text.Motor_Class_HeartBeat)
    Motor_Class_Init                         0x08005f39   Thumb Code   266  motor.o(.text.Motor_Class_Init)
    Motor_Class_Pid_Init                     0x08006045   Thumb Code   130  motor.o(.text.Motor_Class_Pid_Init)
    Motor_Class_Pid_Update                   0x080060c9   Thumb Code    74  test_motor.o(.text.Motor_Class_Pid_Update)
    NMI_Handler                              0x08006115   Thumb Code     4  stm32f4xx_it.o(.text.NMI_Handler)
    PWM_Init                                 0x08006185   Thumb Code    30  drv_tim.o(.text.PWM_Init)
    PendSV_Handler                           0x080061b1   Thumb Code   100  port.o(.text.PendSV_Handler)
    RC_Init                                  0x08006215   Thumb Code    34  remote.o(.text.RC_Init)
    SVC_Handler                              0x08006241   Thumb Code    36  port.o(.text.SVC_Handler)
    StartControlTask                         0x08006265   Thumb Code    44  my_task.o(.text.StartControlTask)
    StartDefaultTask                         0x08006291   Thumb Code    16  freertos.o(.text.StartDefaultTask)
    StartHeartBeatTask                       0x080062a1   Thumb Code    40  my_task.o(.text.StartHeartBeatTask)
    StartRealTimeTask                        0x080062c9   Thumb Code    40  my_task.o(.text.StartRealTimeTask)
    SysTick_Handler                          0x080062f1   Thumb Code    60  port.o(.text.SysTick_Handler)
    SystemClock_Config                       0x0800632d   Thumb Code   194  main.o(.text.SystemClock_Config)
    SystemInit                               0x080063f1   Thumb Code    18  system_stm32f4xx.o(.text.SystemInit)
    TIM2_IRQHandler                          0x08006405   Thumb Code    16  stm32f4xx_it.o(.text.TIM2_IRQHandler)
    TIM_Base_SetConfig                       0x08006415   Thumb Code   410  stm32f4xx_hal_tim.o(.text.TIM_Base_SetConfig)
    TIM_CCxChannelCmd                        0x080065b1   Thumb Code    54  stm32f4xx_hal_tim.o(.text.TIM_CCxChannelCmd)
    TIM_OC2_SetConfig                        0x080066d5   Thumb Code   244  stm32f4xx_hal_tim.o(.text.TIM_OC2_SetConfig)
    Test_Motor_Config_Update                 0x08006961   Thumb Code   148  test_motor.o(.text.Test_Motor_Config_Update)
    Test_Pid_Calculating                     0x080069f5   Thumb Code    44  test.o(.text.Test_Pid_Calculating)
    Test_Work                                0x08006a21   Thumb Code    32  test.o(.text.Test_Work)
    Test_Work_Normal                         0x08006a41   Thumb Code    26  test.o(.text.Test_Work_Normal)
    UART4_IRQHandler                         0x08006a5d   Thumb Code    28  stm32f4xx_it.o(.text.UART4_IRQHandler)
    UART5_IRQHandler                         0x08006a79   Thumb Code    28  stm32f4xx_it.o(.text.UART5_IRQHandler)
    UI_send_char_1                           0x08006fed   Thumb Code   310  my_ui.o(.text.UI_send_char_1)
    USART1_IRQHandler                        0x08007125   Thumb Code    28  stm32f4xx_it.o(.text.USART1_IRQHandler)
    USART1_Init                              0x08007141   Thumb Code    88  drv_uart.o(.text.USART1_Init)
    USART1_rxDataHandler                     0x08007199   Thumb Code    24  config_uart.o(.text.USART1_rxDataHandler)
    USART2_IRQHandler                        0x080071b1   Thumb Code    28  stm32f4xx_it.o(.text.USART2_IRQHandler)
    USART2_Init                              0x080071cd   Thumb Code    94  drv_uart.o(.text.USART2_Init)
    USART2_rxDataHandler                     0x0800722d   Thumb Code    42  config_uart.o(.text.USART2_rxDataHandler)
    USART3_IRQHandler                        0x08007259   Thumb Code    28  stm32f4xx_it.o(.text.USART3_IRQHandler)
    USART3_Init                              0x08007275   Thumb Code    86  drv_uart.o(.text.USART3_Init)
    USART3_rxDataHandler                     0x080072cd   Thumb Code    16  config_uart.o(.text.USART3_rxDataHandler)
    USART4_Init                              0x080072dd   Thumb Code    86  drv_uart.o(.text.USART4_Init)
    USART4_rxDataHandler                     0x08007335   Thumb Code     8  config_uart.o(.text.USART4_rxDataHandler)
    USART5_rxDataHandler                     0x0800733d   Thumb Code     8  config_uart.o(.text.USART5_rxDataHandler)
    USART6_IRQHandler                        0x08007345   Thumb Code    28  stm32f4xx_it.o(.text.USART6_IRQHandler)
    USART6_Init                              0x08007361   Thumb Code    86  drv_uart.o(.text.USART6_Init)
    USART6_rxDataHandler                     0x080073b9   Thumb Code     8  config_uart.o(.text.USART6_rxDataHandler)
    UsageFault_Handler                       0x080073c1   Thumb Code     4  stm32f4xx_it.o(.text.UsageFault_Handler)
    Verify_CRC16_Check_Sum                   0x080073c5   Thumb Code   124  crc.o(.text.Verify_CRC16_Check_Sum)
    Verify_CRC8_Check_Sum                    0x08007441   Thumb Code    92  crc.o(.text.Verify_CRC8_Check_Sum)
    Vision_DataRx                            0x0800749d   Thumb Code    88  vision_protocol.o(.text.Vision_DataRx)
    all_key_board_status_interrupt_update    0x080075dd   Thumb Code   154  remote.o(.text.all_key_board_status_interrupt_update)
    all_key_board_status_update              0x08007679   Thumb Code   154  remote.o(.text.all_key_board_status_update)
    can_rx_buff                              0x08007715   Thumb Code   136  motor.o(.text.can_rx_buff)
    can_tx_buff                              0x0800779d   Thumb Code   148  motor.o(.text.can_tx_buff)
    client_info_update                       0x08007831   Thumb Code    28  my_judge.o(.text.client_info_update)
    client_send_char                         0x0800784d   Thumb Code   236  my_judge.o(.text.client_send_char)
    draw_char                                0x08007981   Thumb Code   480  my_judge.o(.text.draw_char)
    get_kt_9025_info                         0x08007b61   Thumb Code  1226  motor.o(.text.get_kt_9025_info)
    get_rm_can_drvie                         0x0800802d   Thumb Code   228  motor.o(.text.get_rm_can_drvie)
    get_rm_info                              0x08008111   Thumb Code   220  motor.o(.text.get_rm_info)
    judge_update                             0x080081ed   Thumb Code   248  judge_protocol.o(.text.judge_update)
    key_board_cnt_max_set                    0x080082e5   Thumb Code   112  remote.o(.text.key_board_cnt_max_set)
    key_board_status_interrupt_update        0x08008355   Thumb Code   164  remote.o(.text.key_board_status_interrupt_update)
    key_board_status_update                  0x080083f9   Thumb Code   108  remote.o(.text.key_board_status_update)
    lowpass                                  0x08008465   Thumb Code    42  math_support.o(.text.lowpass)
    main                                     0x08008491   Thumb Code    76  main.o(.text.main)
    motor_class_stucking_flag                0x08008505   Thumb Code   218  motor.o(.text.motor_class_stucking_flag)
    motor_cycle                              0x080085e1   Thumb Code    92  motor.o(.text.motor_cycle)
    motor_half_cycle                         0x0800863d   Thumb Code   140  motor.o(.text.motor_half_cycle)
    motor_judge_dir                          0x080086c9   Thumb Code   152  motor.o(.text.motor_judge_dir)
    motor_offset                             0x08008761   Thumb Code   180  motor.o(.text.motor_offset)
    motor_pid_angle                          0x08008815   Thumb Code   212  motor.o(.text.motor_pid_angle)
    motor_pid_cal                            0x080088e9   Thumb Code   576  motor.o(.text.motor_pid_cal)
    motor_pid_ctrl                           0x08008b29   Thumb Code   368  motor.o(.text.motor_pid_ctrl)
    motor_pid_double                         0x08008c99   Thumb Code    68  motor.o(.text.motor_pid_double)
    motor_pid_err                            0x08008cdd   Thumb Code    68  motor.o(.text.motor_pid_err)
    motor_pid_position                       0x08008d21   Thumb Code   210  motor.o(.text.motor_pid_position)
    motor_pid_single                         0x08008df5   Thumb Code    48  motor.o(.text.motor_pid_single)
    motor_pid_speed                          0x08008e25   Thumb Code   104  motor.o(.text.motor_pid_speed)
    osDelay                                  0x08008e8d   Thumb Code    40  cmsis_os.o(.text.osDelay)
    osKernelStart                            0x08008eb5   Thumb Code    10  cmsis_os.o(.text.osKernelStart)
    osThreadCreate                           0x08008ec1   Thumb Code   172  cmsis_os.o(.text.osThreadCreate)
    pvPortMalloc                             0x08009649   Thumb Code   492  heap_4.o(.text.pvPortMalloc)
    pxPortInitialiseStack                    0x08009835   Thumb Code    94  port.o(.text.pxPortInitialiseStack)
    rc_base_info_check                       0x08009895   Thumb Code   448  remote_protocol.o(.text.rc_base_info_check)
    rc_base_info_init                        0x08009a55   Thumb Code    38  remote.o(.text.rc_base_info_init)
    rc_base_info_update                      0x08009a7d   Thumb Code   472  remote_protocol.o(.text.rc_base_info_update)
    rc_ctrl                                  0x08009c55   Thumb Code   140  remote.o(.text.rc_ctrl)
    rc_heart_beat                            0x08009ce1   Thumb Code    50  remote.o(.text.rc_heart_beat)
    rc_info_init                             0x08009d15   Thumb Code    20  remote.o(.text.rc_info_init)
    rc_interrupt_init                        0x08009d29   Thumb Code    20  remote.o(.text.rc_interrupt_init)
    rc_interrupt_update                      0x08009d3d   Thumb Code   272  remote.o(.text.rc_interrupt_update)
    rc_switch_status_interrupt_update        0x08009e4d   Thumb Code   176  remote.o(.text.rc_switch_status_interrupt_update)
    rc_wheel_status_interrupt_update         0x08009efd   Thumb Code   132  remote.o(.text.rc_wheel_status_interrupt_update)
    remote_soft_reset_check                  0x08009f81   Thumb Code    52  remote.o(.text.remote_soft_reset_check)
    test_motor_heart_beat                    0x08009fb5   Thumb Code    22  test_motor.o(.text.test_motor_heart_beat)
    test_motor_init                          0x08009fcd   Thumb Code    18  test_motor.o(.text.test_motor_init)
    tick_task                                0x08009fe1   Thumb Code   154  my_ui.o(.text.tick_task)
    uart_send_data                           0x0800a26d   Thumb Code    32  my_judge.o(.text.uart_send_data)
    uxListRemove                             0x0800a28d   Thumb Code    72  list.o(.text.uxListRemove)
    vApplicationGetIdleTaskMemory            0x0800a2d5   Thumb Code    42  freertos.o(.text.vApplicationGetIdleTaskMemory)
    vListInitialise                          0x0800a301   Thumb Code    46  list.o(.text.vListInitialise)
    vListInitialiseItem                      0x0800a331   Thumb Code    14  list.o(.text.vListInitialiseItem)
    vListInsert                              0x0800a341   Thumb Code   106  list.o(.text.vListInsert)
    vListInsertEnd                           0x0800a3ad   Thumb Code    58  list.o(.text.vListInsertEnd)
    vPortEnterCritical                       0x0800a3fd   Thumb Code    86  port.o(.text.vPortEnterCritical)
    vPortExitCritical                        0x0800a455   Thumb Code    74  port.o(.text.vPortExitCritical)
    vPortFree                                0x0800a4a1   Thumb Code   206  heap_4.o(.text.vPortFree)
    vPortSetupTimerInterrupt                 0x0800a571   Thumb Code    68  port.o(.text.vPortSetupTimerInterrupt)
    vTaskDelay                               0x0800a5b5   Thumb Code   110  tasks.o(.text.vTaskDelay)
    vTaskStartScheduler                      0x0800a625   Thumb Code   206  tasks.o(.text.vTaskStartScheduler)
    vTaskSuspendAll                          0x0800a6f5   Thumb Code    16  tasks.o(.text.vTaskSuspendAll)
    vTaskSwitchContext                       0x0800a705   Thumb Code   190  tasks.o(.text.vTaskSwitchContext)
    xPortStartScheduler                      0x0800a7c5   Thumb Code   342  port.o(.text.xPortStartScheduler)
    xTaskCreate                              0x0800a91d   Thumb Code   158  tasks.o(.text.xTaskCreate)
    xTaskCreateStatic                        0x0800a9bd   Thumb Code   206  tasks.o(.text.xTaskCreateStatic)
    xTaskIncrementTick                       0x0800aa8d   Thumb Code   440  tasks.o(.text.xTaskIncrementTick)
    xTaskResumeAll                           0x0800ac45   Thumb Code   376  tasks.o(.text.xTaskResumeAll)
    _fp_init                                 0x0800adbd   Thumb Code    26  fpinit.o(x$fpl$fpinit)
    __fplib_config_fpu_vfp                   0x0800add5   Thumb Code     0  fpinit.o(x$fpl$fpinit)
    __fplib_config_pureend_doubles           0x0800add5   Thumb Code     0  fpinit.o(x$fpl$fpinit)
    AHBPrescTable                            0x0800ae48   Data          16  system_stm32f4xx.o(.rodata.AHBPrescTable)
    APBPrescTable                            0x0800ae58   Data           8  system_stm32f4xx.o(.rodata.APBPrescTable)
    CRC8_TAB                                 0x0800ae60   Data         256  crc.o(.rodata.CRC8_TAB)
    wCRC_Table                               0x0800afa4   Data         512  crc.o(.rodata.wCRC_Table)
    Region$$Table$$Base                      0x0800b1a4   Number         0  anon$$obj.o(Region$$Table)
    Region$$Table$$Limit                     0x0800b1c4   Number         0  anon$$obj.o(Region$$Table)
    CRC_INIT                                 0x20000000   Data           2  crc.o(.data.CRC_INIT)
    SystemCoreClock                          0x20000004   Data           4  system_stm32f4xx.o(.data.SystemCoreClock)
    client_info                              0x2000000c   Data           4  my_judge.o(.data.client_info)
    config_test                              0x20000010   Data          87  config_test.o(.data.config_test)
    device                                   0x20000068   Data          96  device.o(.data.device)
    judge                                    0x200000c8   Data         148  judge_protocol.o(.data.judge)
    rc                                       0x2000015c   Data           8  remote.o(.data.rc)
    test                                     0x20000164   Data          12  test.o(.data.test)
    test_motor                               0x20000170   Data         792  test_motor.o(.data.test_motor)
    uwTickFreq                               0x20000488   Data           1  stm32f4xx_hal.o(.data.uwTickFreq)
    uwTickPrio                               0x2000048c   Data           4  stm32f4xx_hal.o(.data.uwTickPrio)
    vision_yaw_info                          0x20000494   Data          30  my_ui.o(.data.vision_yaw_info)
    __libspace_start                         0x200004b8   Data          96  libspace.o(.bss)
    CAN_TxHeadeType                          0x20000518   Data          24  drv_can.o(.bss.CAN_TxHeadeType)
    __temporary_stack_top$libspace           0x20000518   Data           0  libspace.o(.bss)
    ControlTaskHandle                        0x20000530   Data           4  freertos.o(.bss.ControlTaskHandle)
    HeartBeatTaskHandle                      0x20000538   Data           4  freertos.o(.bss.HeartBeatTaskHandle)
    RealTimeTaskHandle                       0x2000053c   Data           4  freertos.o(.bss.RealTimeTaskHandle)
    can_txbuff                               0x20000544   Data           8  can_protocol.o(.bss.can_txbuff)
    client_tx_buf                            0x2000054c   Data         128  my_judge.o(.bss.client_tx_buf)
    defaultTaskHandle                        0x200005cc   Data           4  freertos.o(.bss.defaultTaskHandle)
    frame_length                             0x200005d0   Data           2  judge_protocol.o(.bss.frame_length)
    hcan1                                    0x200005d4   Data          40  can.o(.bss.hcan1)
    hcan1RxFrame                             0x200005fc   Data          36  can_protocol.o(.bss.hcan1RxFrame)
    hcan2                                    0x20000620   Data          40  can.o(.bss.hcan2)
    hcan2RxFrame                             0x20000648   Data          36  can_protocol.o(.bss.hcan2RxFrame)
    hdma_uart4_rx                            0x2000066c   Data          96  usart.o(.bss.hdma_uart4_rx)
    hdma_uart4_tx                            0x200006cc   Data          96  usart.o(.bss.hdma_uart4_tx)
    hdma_uart5_rx                            0x2000072c   Data          96  usart.o(.bss.hdma_uart5_rx)
    hdma_uart5_tx                            0x2000078c   Data          96  usart.o(.bss.hdma_uart5_tx)
    hdma_usart1_rx                           0x200007ec   Data          96  usart.o(.bss.hdma_usart1_rx)
    hdma_usart1_tx                           0x2000084c   Data          96  usart.o(.bss.hdma_usart1_tx)
    hdma_usart2_rx                           0x200008ac   Data          96  usart.o(.bss.hdma_usart2_rx)
    hdma_usart3_rx                           0x2000090c   Data          96  usart.o(.bss.hdma_usart3_rx)
    hdma_usart3_tx                           0x2000096c   Data          96  usart.o(.bss.hdma_usart3_tx)
    hdma_usart6_rx                           0x200009cc   Data          96  usart.o(.bss.hdma_usart6_rx)
    hdma_usart6_tx                           0x20000a2c   Data          96  usart.o(.bss.hdma_usart6_tx)
    hiwdg                                    0x20000a8c   Data          12  iwdg.o(.bss.hiwdg)
    hspi2                                    0x20000a98   Data          88  spi.o(.bss.hspi2)
    htim11                                   0x20000af0   Data          72  tim.o(.bss.htim11)
    htim2                                    0x20000b38   Data          72  stm32f4xx_hal_timebase_tim.o(.bss.htim2)
    huart1                                   0x20000b80   Data          68  usart.o(.bss.huart1)
    huart2                                   0x20000bc4   Data          68  usart.o(.bss.huart2)
    huart3                                   0x20000c08   Data          68  usart.o(.bss.huart3)
    huart4                                   0x20000c4c   Data          68  usart.o(.bss.huart4)
    huart5                                   0x20000c90   Data          68  usart.o(.bss.huart5)
    huart6                                   0x20000cd4   Data          68  usart.o(.bss.huart6)
    pxCurrentTCB                             0x20000d18   Data           4  tasks.o(.bss.pxCurrentTCB)
    rc_base_info                             0x20000db4   Data         134  remote.o(.bss.rc_base_info)
    rc_info                                  0x20000e3c   Data          20  remote.o(.bss.rc_info)
    rc_interrupt                             0x20000e50   Data           1  remote.o(.bss.rc_interrupt)
    usart1_dma_rxbuf                         0x20004a70   Data         350  drv_uart.o(.bss.usart1_dma_rxbuf)
    usart2_dma_rxbuf                         0x20004bce   Data          48  drv_uart.o(.bss.usart2_dma_rxbuf)
    usart3_dma_rxbuf                         0x20004bfe   Data         200  drv_uart.o(.bss.usart3_dma_rxbuf)
    usart4_dma_rxbuf                         0x20004cc6   Data         200  drv_uart.o(.bss.usart4_dma_rxbuf)
    usart5_dma_rxbuf                         0x20004d8e   Data         200  drv_uart.o(.bss.usart5_dma_rxbuf)
    usart6_dma_rxbuf                         0x20004e56   Data         200  drv_uart.o(.bss.usart6_dma_rxbuf)
    uwTick                                   0x20004f20   Data           4  stm32f4xx_hal.o(.bss.uwTick)
    vision_rx_info                           0x20004f38   Data          21  vision_protocol.o(.bss.vision_rx_info)
    vision_yaw_buff                          0x20004f4d   Data          15  my_ui.o(.bss.vision_yaw_buff)
    vision_yaw_character                     0x20004f5c   Data          45  my_ui.o(.bss.vision_yaw_character)



==============================================================================

Memory Map of the image

  Image Entry point : 0x08000189

  Load Region LR_IROM1 (Base: 0x08000000, Size: 0x0000b680, Max: 0x00080000, ABSOLUTE, COMPRESSED[0x0000b220])

    Execution Region ER_IROM1 (Exec base: 0x08000000, Load base: 0x08000000, Size: 0x0000b1c4, Max: 0x00080000, ABSOLUTE)

    Exec Addr    Load Addr    Size         Type   Attr      Idx    E Section Name        Object

    0x08000000   0x08000000   0x00000188   Data   RO            3    RESET               startup_stm32f407xx.o
    0x08000188   0x08000188   0x00000008   Code   RO         3849  * !!!main             c_w.l(__main.o)
    0x08000190   0x08000190   0x00000034   Code   RO         4209    !!!scatter          c_w.l(__scatter.o)
    0x080001c4   0x080001c4   0x0000005a   Code   RO         4207    !!dczerorl2         c_w.l(__dczerorl2.o)
    0x0800021e   0x0800021e   0x00000002   PAD
    0x08000220   0x08000220   0x0000001c   Code   RO         4211    !!handler_zi        c_w.l(__scatter_zi.o)
    0x0800023c   0x0800023c   0x00000002   Code   RO         4068    .ARM.Collect$$libinit$$00000000  c_w.l(libinit.o)
    0x0800023e   0x0800023e   0x00000004   Code   RO         4079    .ARM.Collect$$libinit$$00000001  c_w.l(libinit2.o)
    0x08000242   0x08000242   0x00000000   Code   RO         4082    .ARM.Collect$$libinit$$00000004  c_w.l(libinit2.o)
    0x08000242   0x08000242   0x00000000   Code   RO         4084    .ARM.Collect$$libinit$$00000006  c_w.l(libinit2.o)
    0x08000242   0x08000242   0x00000000   Code   RO         4087    .ARM.Collect$$libinit$$0000000C  c_w.l(libinit2.o)
    0x08000242   0x08000242   0x00000000   Code   RO         4089    .ARM.Collect$$libinit$$0000000E  c_w.l(libinit2.o)
    0x08000242   0x08000242   0x00000000   Code   RO         4091    .ARM.Collect$$libinit$$00000010  c_w.l(libinit2.o)
    0x08000242   0x08000242   0x00000000   Code   RO         4094    .ARM.Collect$$libinit$$00000013  c_w.l(libinit2.o)
    0x08000242   0x08000242   0x00000000   Code   RO         4096    .ARM.Collect$$libinit$$00000015  c_w.l(libinit2.o)
    0x08000242   0x08000242   0x00000000   Code   RO         4098    .ARM.Collect$$libinit$$00000017  c_w.l(libinit2.o)
    0x08000242   0x08000242   0x00000000   Code   RO         4100    .ARM.Collect$$libinit$$00000019  c_w.l(libinit2.o)
    0x08000242   0x08000242   0x00000000   Code   RO         4102    .ARM.Collect$$libinit$$0000001B  c_w.l(libinit2.o)
    0x08000242   0x08000242   0x00000000   Code   RO         4104    .ARM.Collect$$libinit$$0000001D  c_w.l(libinit2.o)
    0x08000242   0x08000242   0x00000000   Code   RO         4106    .ARM.Collect$$libinit$$0000001F  c_w.l(libinit2.o)
    0x08000242   0x08000242   0x00000000   Code   RO         4108    .ARM.Collect$$libinit$$00000021  c_w.l(libinit2.o)
    0x08000242   0x08000242   0x00000000   Code   RO         4110    .ARM.Collect$$libinit$$00000023  c_w.l(libinit2.o)
    0x08000242   0x08000242   0x00000000   Code   RO         4112    .ARM.Collect$$libinit$$00000025  c_w.l(libinit2.o)
    0x08000242   0x08000242   0x00000000   Code   RO         4114    .ARM.Collect$$libinit$$00000027  c_w.l(libinit2.o)
    0x08000242   0x08000242   0x00000000   Code   RO         4118    .ARM.Collect$$libinit$$0000002E  c_w.l(libinit2.o)
    0x08000242   0x08000242   0x00000000   Code   RO         4120    .ARM.Collect$$libinit$$00000030  c_w.l(libinit2.o)
    0x08000242   0x08000242   0x00000000   Code   RO         4122    .ARM.Collect$$libinit$$00000032  c_w.l(libinit2.o)
    0x08000242   0x08000242   0x00000000   Code   RO         4124    .ARM.Collect$$libinit$$00000034  c_w.l(libinit2.o)
    0x08000242   0x08000242   0x00000002   Code   RO         4125    .ARM.Collect$$libinit$$00000035  c_w.l(libinit2.o)
    0x08000244   0x08000244   0x00000002   Code   RO         4162    .ARM.Collect$$libshutdown$$00000000  c_w.l(libshutdown.o)
    0x08000246   0x08000246   0x00000000   Code   RO         4190    .ARM.Collect$$libshutdown$$00000002  c_w.l(libshutdown2.o)
    0x08000246   0x08000246   0x00000000   Code   RO         4192    .ARM.Collect$$libshutdown$$00000004  c_w.l(libshutdown2.o)
    0x08000246   0x08000246   0x00000000   Code   RO         4195    .ARM.Collect$$libshutdown$$00000007  c_w.l(libshutdown2.o)
    0x08000246   0x08000246   0x00000000   Code   RO         4198    .ARM.Collect$$libshutdown$$0000000A  c_w.l(libshutdown2.o)
    0x08000246   0x08000246   0x00000000   Code   RO         4200    .ARM.Collect$$libshutdown$$0000000C  c_w.l(libshutdown2.o)
    0x08000246   0x08000246   0x00000000   Code   RO         4203    .ARM.Collect$$libshutdown$$0000000F  c_w.l(libshutdown2.o)
    0x08000246   0x08000246   0x00000002   Code   RO         4204    .ARM.Collect$$libshutdown$$00000010  c_w.l(libshutdown2.o)
    0x08000248   0x08000248   0x00000000   Code   RO         3944    .ARM.Collect$$rtentry$$00000000  c_w.l(__rtentry.o)
    0x08000248   0x08000248   0x00000000   Code   RO         4027    .ARM.Collect$$rtentry$$00000002  c_w.l(__rtentry2.o)
    0x08000248   0x08000248   0x00000006   Code   RO         4039    .ARM.Collect$$rtentry$$00000004  c_w.l(__rtentry4.o)
    0x0800024e   0x0800024e   0x00000000   Code   RO         4029    .ARM.Collect$$rtentry$$00000009  c_w.l(__rtentry2.o)
    0x0800024e   0x0800024e   0x00000004   Code   RO         4030    .ARM.Collect$$rtentry$$0000000A  c_w.l(__rtentry2.o)
    0x08000252   0x08000252   0x00000000   Code   RO         4032    .ARM.Collect$$rtentry$$0000000C  c_w.l(__rtentry2.o)
    0x08000252   0x08000252   0x00000008   Code   RO         4033    .ARM.Collect$$rtentry$$0000000D  c_w.l(__rtentry2.o)
    0x0800025a   0x0800025a   0x00000002   Code   RO         4071    .ARM.Collect$$rtexit$$00000000  c_w.l(rtexit.o)
    0x0800025c   0x0800025c   0x00000000   Code   RO         4133    .ARM.Collect$$rtexit$$00000002  c_w.l(rtexit2.o)
    0x0800025c   0x0800025c   0x00000004   Code   RO         4134    .ARM.Collect$$rtexit$$00000003  c_w.l(rtexit2.o)
    0x08000260   0x08000260   0x00000006   Code   RO         4135    .ARM.Collect$$rtexit$$00000004  c_w.l(rtexit2.o)
    0x08000266   0x08000266   0x00000002   PAD
    0x08000268   0x08000268   0x00000040   Code   RO            4    .text               startup_stm32f407xx.o
    0x080002a8   0x080002a8   0x000000f0   Code   RO         3831    .text               c_w.l(lludivv7m.o)
    0x08000398   0x08000398   0x0000003e   Code   RO         3835    .text               c_w.l(strlen.o)
    0x080003d6   0x080003d6   0x0000008a   Code   RO         3837    .text               c_w.l(rt_memcpy_v6.o)
    0x08000460   0x08000460   0x00000064   Code   RO         3839    .text               c_w.l(rt_memcpy_w.o)
    0x080004c4   0x080004c4   0x00000044   Code   RO         3843    .text               c_w.l(rt_memclr.o)
    0x08000508   0x08000508   0x0000004e   Code   RO         3845    .text               c_w.l(rt_memclr_w.o)
    0x08000556   0x08000556   0x00000006   Code   RO         3847    .text               c_w.l(heapauxi.o)
    0x0800055c   0x0800055c   0x00000008   Code   RO         4052    .text               c_w.l(libspace.o)
    0x08000564   0x08000564   0x0000004a   Code   RO         4055    .text               c_w.l(sys_stackheap_outer.o)
    0x080005ae   0x080005ae   0x00000012   Code   RO         4057    .text               c_w.l(exit.o)
    0x080005c0   0x080005c0   0x0000000c   Code   RO         4128    .text               c_w.l(sys_exit.o)
    0x080005cc   0x080005cc   0x00000002   Code   RO         4151    .text               c_w.l(use_no_semi.o)
    0x080005ce   0x080005ce   0x00000000   Code   RO         4153    .text               c_w.l(indicate_semi.o)
    0x080005ce   0x080005ce   0x00000002   PAD
    0x080005d0   0x080005d0   0x00000058   Code   RO         2210    .text.Append_CRC16_Check_Sum  crc.o
    0x08000628   0x08000628   0x0000004c   Code   RO         2204    .text.Append_CRC8_Check_Sum  crc.o
    0x08000674   0x08000674   0x00000050   Code   RO         1937    .text.BUZZER_PwmOut  drv_tim.o
    0x080006c4   0x080006c4   0x00000004   Code   RO          178    .text.BusFault_Handler  stm32f4xx_it.o
    0x080006c8   0x080006c8   0x0000002e   Code   RO         1902    .text.CAN1_Init     drv_can.o
    0x080006f6   0x080006f6   0x00000002   PAD
    0x080006f8   0x080006f8   0x0000002c   Code   RO         2225    .text.CAN1_RX       config_can.o
    0x08000724   0x08000724   0x00000010   Code   RO          196    .text.CAN1_RX0_IRQHandler  stm32f4xx_it.o
    0x08000734   0x08000734   0x0000002e   Code   RO         1906    .text.CAN2_Init     drv_can.o
    0x08000762   0x08000762   0x00000002   PAD
    0x08000764   0x08000764   0x0000002c   Code   RO         2223    .text.CAN2_RX       config_can.o
    0x08000790   0x08000790   0x00000010   Code   RO          216    .text.CAN2_RX0_IRQHandler  stm32f4xx_it.o
    0x080007a0   0x080007a0   0x00000034   Code   RO         1904    .text.CAN_Filter_ParamsInit  drv_can.o
    0x080007d4   0x080007d4   0x0000001a   Code   RO         2052    .text.CAN_GetMotorAngle  motor.o
    0x080007ee   0x080007ee   0x00000002   PAD
    0x080007f0   0x080007f0   0x0000001a   Code   RO         2056    .text.CAN_GetMotorCurrent  motor.o
    0x0800080a   0x0800080a   0x00000002   PAD
    0x0800080c   0x0800080c   0x0000001a   Code   RO         2054    .text.CAN_GetMotorSpeed  motor.o
    0x08000826   0x08000826   0x00000002   PAD
    0x08000828   0x08000828   0x00000014   Code   RO         2060    .text.CAN_GetMotorTemperature  motor.o
    0x0800083c   0x0800083c   0x0000001a   Code   RO         2058    .text.CAN_GetMotorTorque  motor.o
    0x08000856   0x08000856   0x00000002   PAD
    0x08000858   0x08000858   0x00000354   Code   RO         2072    .text.CAN_Send      can_protocol.o
    0x08000bac   0x08000bac   0x00000010   Code   RO          184    .text.DMA1_Stream0_IRQHandler  stm32f4xx_it.o
    0x08000bbc   0x08000bbc   0x00000010   Code   RO          186    .text.DMA1_Stream1_IRQHandler  stm32f4xx_it.o
    0x08000bcc   0x08000bcc   0x00000010   Code   RO          188    .text.DMA1_Stream2_IRQHandler  stm32f4xx_it.o
    0x08000bdc   0x08000bdc   0x00000010   Code   RO          190    .text.DMA1_Stream3_IRQHandler  stm32f4xx_it.o
    0x08000bec   0x08000bec   0x00000010   Code   RO          192    .text.DMA1_Stream4_IRQHandler  stm32f4xx_it.o
    0x08000bfc   0x08000bfc   0x00000010   Code   RO          194    .text.DMA1_Stream5_IRQHandler  stm32f4xx_it.o
    0x08000c0c   0x08000c0c   0x00000010   Code   RO          206    .text.DMA1_Stream7_IRQHandler  stm32f4xx_it.o
    0x08000c1c   0x08000c1c   0x00000010   Code   RO          212    .text.DMA2_Stream1_IRQHandler  stm32f4xx_it.o
    0x08000c2c   0x08000c2c   0x00000010   Code   RO          214    .text.DMA2_Stream2_IRQHandler  stm32f4xx_it.o
    0x08000c3c   0x08000c3c   0x00000010   Code   RO          218    .text.DMA2_Stream6_IRQHandler  stm32f4xx_it.o
    0x08000c4c   0x08000c4c   0x00000010   Code   RO          220    .text.DMA2_Stream7_IRQHandler  stm32f4xx_it.o
    0x08000c5c   0x08000c5c   0x00000768   Code   RO         1956    .text.DMAEx_MultiBufferStart_NoIT  drv_uart.o
    0x080013c4   0x080013c4   0x00000056   Code   RO          510    .text.DMA_CalcBaseAndBitshift  stm32f4xx_hal_dma.o
    0x0800141a   0x0800141a   0x00000002   PAD
    0x0800141c   0x0800141c   0x000000f0   Code   RO          508    .text.DMA_CheckFifoParam  stm32f4xx_hal_dma.o
    0x0800150c   0x0800150c   0x00000050   Code   RO          516    .text.DMA_SetConfig  stm32f4xx_hal_dma.o
    0x0800155c   0x0800155c   0x000000c2   Code   RO         1952    .text.DMA_Start     drv_uart.o
    0x0800161e   0x0800161e   0x00000002   PAD
    0x08001620   0x08001620   0x0000002e   Code   RO         1966    .text.DRV_UART_IRQHandler  drv_uart.o
    0x0800164e   0x0800164e   0x00000002   PAD
    0x08001650   0x08001650   0x00000002   Code   RO          182    .text.DebugMon_Handler  stm32f4xx_it.o
    0x08001652   0x08001652   0x00000002   PAD
    0x08001654   0x08001654   0x00000280   Code   RO         2098    .text.Determine_ID  judge_protocol.o
    0x080018d4   0x080018d4   0x00000008   Code   RO         2261    .text.Device_HeartBeat  device.o
    0x080018dc   0x080018dc   0x00000008   Code   RO         2259    .text.Device_Init   device.o
    0x080018e4   0x080018e4   0x00000010   Code   RO         2263    .text.Device_Work   device.o
    0x080018f4   0x080018f4   0x00000024   Code   RO         1894    .text.Drive_Init    drive.o
    0x08001918   0x08001918   0x0000000e   Code   RO           15    .text.Error_Handler  main.o
    0x08001926   0x08001926   0x00000002   PAD
    0x08001928   0x08001928   0x00000066   Code   RO         2206    .text.Get_CRC16_Check_Sum  crc.o
    0x0800198e   0x0800198e   0x00000002   PAD
    0x08001990   0x08001990   0x0000004a   Code   RO         2200    .text.Get_CRC8_Check_Sum  crc.o
    0x080019da   0x080019da   0x00000002   PAD
    0x080019dc   0x080019dc   0x00000052   Code   RO          287    .text.HAL_CAN_ActivateNotification  stm32f4xx_hal_can.o
    0x08001a2e   0x08001a2e   0x00000002   PAD
    0x08001a30   0x08001a30   0x00000170   Code   RO          273    .text.HAL_CAN_AddTxMessage  stm32f4xx_hal_can.o
    0x08001ba0   0x08001ba0   0x000001a4   Code   RO          263    .text.HAL_CAN_ConfigFilter  stm32f4xx_hal_can.o
    0x08001d44   0x08001d44   0x00000008   Code   RO          317    .text.HAL_CAN_ErrorCallback  stm32f4xx_hal_can.o
    0x08001d4c   0x08001d4c   0x000001f0   Code   RO          283    .text.HAL_CAN_GetRxMessage  stm32f4xx_hal_can.o
    0x08001f3c   0x08001f3c   0x000003f2   Code   RO          291    .text.HAL_CAN_IRQHandler  stm32f4xx_hal_can.o
    0x0800232e   0x0800232e   0x00000002   PAD
    0x08002330   0x08002330   0x000001de   Code   RO          253    .text.HAL_CAN_Init  stm32f4xx_hal_can.o
    0x0800250e   0x0800250e   0x00000002   PAD
    0x08002510   0x08002510   0x00000184   Code   RO           71    .text.HAL_CAN_MspInit  can.o
    0x08002694   0x08002694   0x00000008   Code   RO          305    .text.HAL_CAN_RxFifo0FullCallback  stm32f4xx_hal_can.o
    0x0800269c   0x0800269c   0x00000076   Code   RO         2070    .text.HAL_CAN_RxFifo0MsgPendingCallback  can_protocol.o
    0x08002712   0x08002712   0x00000002   PAD
    0x08002714   0x08002714   0x00000008   Code   RO          309    .text.HAL_CAN_RxFifo1FullCallback  stm32f4xx_hal_can.o
    0x0800271c   0x0800271c   0x00000008   Code   RO          311    .text.HAL_CAN_RxFifo1MsgPendingCallback  stm32f4xx_hal_can.o
    0x08002724   0x08002724   0x00000008   Code   RO          313    .text.HAL_CAN_SleepCallback  stm32f4xx_hal_can.o
    0x0800272c   0x0800272c   0x0000008a   Code   RO          265    .text.HAL_CAN_Start  stm32f4xx_hal_can.o
    0x080027b6   0x080027b6   0x00000002   PAD
    0x080027b8   0x080027b8   0x00000024   Code   RO         1908    .text.HAL_CAN_TxHeadeInit  drv_can.o
    0x080027dc   0x080027dc   0x00000008   Code   RO          295    .text.HAL_CAN_TxMailbox0AbortCallback  stm32f4xx_hal_can.o
    0x080027e4   0x080027e4   0x00000008   Code   RO          293    .text.HAL_CAN_TxMailbox0CompleteCallback  stm32f4xx_hal_can.o
    0x080027ec   0x080027ec   0x00000008   Code   RO          299    .text.HAL_CAN_TxMailbox1AbortCallback  stm32f4xx_hal_can.o
    0x080027f4   0x080027f4   0x00000008   Code   RO          297    .text.HAL_CAN_TxMailbox1CompleteCallback  stm32f4xx_hal_can.o
    0x080027fc   0x080027fc   0x00000008   Code   RO          303    .text.HAL_CAN_TxMailbox2AbortCallback  stm32f4xx_hal_can.o
    0x08002804   0x08002804   0x00000008   Code   RO          301    .text.HAL_CAN_TxMailbox2CompleteCallback  stm32f4xx_hal_can.o
    0x0800280c   0x0800280c   0x00000008   Code   RO          315    .text.HAL_CAN_WakeUpFromRxMsgCallback  stm32f4xx_hal_can.o
    0x08002814   0x08002814   0x000000ec   Code   RO          520    .text.HAL_DMA_Abort  stm32f4xx_hal_dma.o
    0x08002900   0x08002900   0x00000044   Code   RO          522    .text.HAL_DMA_Abort_IT  stm32f4xx_hal_dma.o
    0x08002944   0x08002944   0x0000031e   Code   RO          526    .text.HAL_DMA_IRQHandler  stm32f4xx_hal_dma.o
    0x08002c62   0x08002c62   0x00000002   PAD
    0x08002c64   0x08002c64   0x0000016e   Code   RO          506    .text.HAL_DMA_Init  stm32f4xx_hal_dma.o
    0x08002dd2   0x08002dd2   0x00000002   PAD
    0x08002dd4   0x08002dd4   0x000000c2   Code   RO          518    .text.HAL_DMA_Start_IT  stm32f4xx_hal_dma.o
    0x08002e96   0x08002e96   0x00000002   PAD
    0x08002e98   0x08002e98   0x000003b6   Code   RO          468    .text.HAL_GPIO_Init  stm32f4xx_hal_gpio.o
    0x0800324e   0x0800324e   0x00000002   PAD
    0x08003250   0x08003250   0x0000002e   Code   RO          474    .text.HAL_GPIO_WritePin  stm32f4xx_hal_gpio.o
    0x0800327e   0x0800327e   0x00000002   PAD
    0x08003280   0x08003280   0x0000000c   Code   RO          687    .text.HAL_GetTick   stm32f4xx_hal.o
    0x0800328c   0x0800328c   0x00000014   Code   RO          766    .text.HAL_IWDG_Refresh  stm32f4xx_hal_iwdg.o
    0x080032a0   0x080032a0   0x0000001a   Code   RO          685    .text.HAL_IncTick   stm32f4xx_hal.o
    0x080032ba   0x080032ba   0x00000002   PAD
    0x080032bc   0x080032bc   0x00000036   Code   RO          675    .text.HAL_Init      stm32f4xx_hal.o
    0x080032f2   0x080032f2   0x00000002   PAD
    0x080032f4   0x080032f4   0x000000ec   Code   RO          239    .text.HAL_InitTick  stm32f4xx_hal_timebase_tim.o
    0x080033e0   0x080033e0   0x00000058   Code   RO          231    .text.HAL_MspInit   stm32f4xx_hal_msp.o
    0x08003438   0x08003438   0x00000014   Code   RO          616    .text.HAL_NVIC_EnableIRQ  stm32f4xx_hal_cortex.o
    0x0800344c   0x0800344c   0x00000032   Code   RO          608    .text.HAL_NVIC_SetPriority  stm32f4xx_hal_cortex.o
    0x0800347e   0x0800347e   0x00000002   PAD
    0x08003480   0x08003480   0x00000010   Code   RO          604    .text.HAL_NVIC_SetPriorityGrouping  stm32f4xx_hal_cortex.o
    0x08003490   0x08003490   0x00000004   Code   RO          624    .text.HAL_NVIC_SystemReset  stm32f4xx_hal_cortex.o
    0x08003494   0x08003494   0x00000262   Code   RO          336    .text.HAL_RCC_ClockConfig  stm32f4xx_hal_rcc.o
    0x080036f6   0x080036f6   0x00000002   PAD
    0x080036f8   0x080036f8   0x00000054   Code   RO          354    .text.HAL_RCC_GetClockConfig  stm32f4xx_hal_rcc.o
    0x0800374c   0x0800374c   0x0000000c   Code   RO          346    .text.HAL_RCC_GetHCLKFreq  stm32f4xx_hal_rcc.o
    0x08003758   0x08003758   0x00000022   Code   RO          348    .text.HAL_RCC_GetPCLK1Freq  stm32f4xx_hal_rcc.o
    0x0800377a   0x0800377a   0x00000002   PAD
    0x0800377c   0x0800377c   0x00000022   Code   RO          350    .text.HAL_RCC_GetPCLK2Freq  stm32f4xx_hal_rcc.o
    0x0800379e   0x0800379e   0x00000002   PAD
    0x080037a0   0x080037a0   0x000000e6   Code   RO          338    .text.HAL_RCC_GetSysClockFreq  stm32f4xx_hal_rcc.o
    0x08003886   0x08003886   0x00000002   PAD
    0x08003888   0x08003888   0x000006be   Code   RO          334    .text.HAL_RCC_OscConfig  stm32f4xx_hal_rcc.o
    0x08003f46   0x08003f46   0x00000002   PAD
    0x08003f48   0x08003f48   0x00000100   Code   RO          775    .text.HAL_SPI_Init  stm32f4xx_hal_spi.o
    0x08004048   0x08004048   0x00000092   Code   RO          104    .text.HAL_SPI_MspInit  spi.o
    0x080040da   0x080040da   0x00000002   PAD
    0x080040dc   0x080040dc   0x00000008   Code   RO         1215    .text.HAL_TIMEx_BreakCallback  stm32f4xx_hal_tim_ex.o
    0x080040e4   0x080040e4   0x00000008   Code   RO         1211    .text.HAL_TIMEx_CommutCallback  stm32f4xx_hal_tim_ex.o
    0x080040ec   0x080040ec   0x0000009c   Code   RO          892    .text.HAL_TIM_Base_Init  stm32f4xx_hal_tim.o
    0x08004188   0x08004188   0x0000003e   Code   RO          120    .text.HAL_TIM_Base_MspInit  tim.o
    0x080041c6   0x080041c6   0x00000002   PAD
    0x080041c8   0x080041c8   0x000000f6   Code   RO          906    .text.HAL_TIM_Base_Start_IT  stm32f4xx_hal_tim.o
    0x080042be   0x080042be   0x00000002   PAD
    0x080042c0   0x080042c0   0x00000008   Code   RO         1028    .text.HAL_TIM_IC_CaptureCallback  stm32f4xx_hal_tim.o
    0x080042c8   0x080042c8   0x0000027a   Code   RO         1026    .text.HAL_TIM_IRQHandler  stm32f4xx_hal_tim.o
    0x08004542   0x08004542   0x00000002   PAD
    0x08004544   0x08004544   0x0000006e   Code   RO          118    .text.HAL_TIM_MspPostInit  tim.o
    0x080045b2   0x080045b2   0x00000002   PAD
    0x080045b4   0x080045b4   0x00000008   Code   RO         1030    .text.HAL_TIM_OC_DelayElapsedCallback  stm32f4xx_hal_tim.o
    0x080045bc   0x080045bc   0x00000142   Code   RO         1058    .text.HAL_TIM_PWM_ConfigChannel  stm32f4xx_hal_tim.o
    0x080046fe   0x080046fe   0x00000002   PAD
    0x08004700   0x08004700   0x0000009c   Code   RO          946    .text.HAL_TIM_PWM_Init  stm32f4xx_hal_tim.o
    0x0800479c   0x0800479c   0x00000008   Code   RO          948    .text.HAL_TIM_PWM_MspInit  stm32f4xx_hal_tim.o
    0x080047a4   0x080047a4   0x00000008   Code   RO         1032    .text.HAL_TIM_PWM_PulseFinishedCallback  stm32f4xx_hal_tim.o
    0x080047ac   0x080047ac   0x000001ca   Code   RO          954    .text.HAL_TIM_PWM_Start  stm32f4xx_hal_tim.o
    0x08004976   0x08004976   0x00000002   PAD
    0x08004978   0x08004978   0x0000001c   Code   RO           17    .text.HAL_TIM_PeriodElapsedCallback  main.o
    0x08004994   0x08004994   0x00000008   Code   RO         1036    .text.HAL_TIM_TriggerCallback  stm32f4xx_hal_tim.o
    0x0800499c   0x0800499c   0x0000000c   Code   RO         1318    .text.HAL_UARTEx_RxEventCallback  stm32f4xx_hal_uart.o
    0x080049a8   0x080049a8   0x00000008   Code   RO         1316    .text.HAL_UART_ErrorCallback  stm32f4xx_hal_uart.o
    0x080049b0   0x080049b0   0x0000041e   Code   RO         1310    .text.HAL_UART_IRQHandler  stm32f4xx_hal_uart.o
    0x08004dce   0x08004dce   0x00000002   PAD
    0x08004dd0   0x08004dd0   0x0000009a   Code   RO         1228    .text.HAL_UART_Init  stm32f4xx_hal_uart.o
    0x08004e6a   0x08004e6a   0x00000002   PAD
    0x08004e6c   0x08004e6c   0x00000774   Code   RO          144    .text.HAL_UART_MspInit  usart.o
    0x080055e0   0x080055e0   0x00000008   Code   RO         1328    .text.HAL_UART_RxCpltCallback  stm32f4xx_hal_uart.o
    0x080055e8   0x080055e8   0x00000110   Code   RO         1256    .text.HAL_UART_Transmit_DMA  stm32f4xx_hal_uart.o
    0x080056f8   0x080056f8   0x00000008   Code   RO         1324    .text.HAL_UART_TxCpltCallback  stm32f4xx_hal_uart.o
    0x08005700   0x08005700   0x00000008   Code   RO         1326    .text.HAL_UART_TxHalfCpltCallback  stm32f4xx_hal_uart.o
    0x08005708   0x08005708   0x00000004   Code   RO          174    .text.HardFault_Handler  stm32f4xx_it.o
    0x0800570c   0x0800570c   0x0000014c   Code   RO         2050    .text.KTmotor_pid_ctrl  motor.o
    0x08005858   0x08005858   0x0000004e   Code   RO           67    .text.MX_CAN1_Init  can.o
    0x080058a6   0x080058a6   0x00000002   PAD
    0x080058a8   0x080058a8   0x0000004e   Code   RO           69    .text.MX_CAN2_Init  can.o
    0x080058f6   0x080058f6   0x00000002   PAD
    0x080058f8   0x080058f8   0x00000116   Code   RO           85    .text.MX_DMA_Init   dma.o
    0x08005a0e   0x08005a0e   0x00000002   PAD
    0x08005a10   0x08005a10   0x00000102   Code   RO           39    .text.MX_FREERTOS_Init  freertos.o
    0x08005b12   0x08005b12   0x00000002   PAD
    0x08005b14   0x08005b14   0x0000016a   Code   RO           29    .text.MX_GPIO_Init  gpio.o
    0x08005c7e   0x08005c7e   0x00000002   PAD
    0x08005c80   0x08005c80   0x0000004e   Code   RO          102    .text.MX_SPI2_Init  spi.o
    0x08005cce   0x08005cce   0x00000002   PAD
    0x08005cd0   0x08005cd0   0x00000090   Code   RO          116    .text.MX_TIM11_Init  tim.o
    0x08005d60   0x08005d60   0x00000040   Code   RO          132    .text.MX_UART4_Init  usart.o
    0x08005da0   0x08005da0   0x00000040   Code   RO          134    .text.MX_UART5_Init  usart.o
    0x08005de0   0x08005de0   0x00000040   Code   RO          136    .text.MX_USART1_UART_Init  usart.o
    0x08005e20   0x08005e20   0x00000044   Code   RO          138    .text.MX_USART2_UART_Init  usart.o
    0x08005e64   0x08005e64   0x00000040   Code   RO          140    .text.MX_USART3_UART_Init  usart.o
    0x08005ea4   0x08005ea4   0x00000040   Code   RO          142    .text.MX_USART6_UART_Init  usart.o
    0x08005ee4   0x08005ee4   0x00000004   Code   RO          176    .text.MemManage_Handler  stm32f4xx_it.o
    0x08005ee8   0x08005ee8   0x0000004e   Code   RO         2022    .text.Motor_Class_HeartBeat  motor.o
    0x08005f36   0x08005f36   0x00000002   PAD
    0x08005f38   0x08005f38   0x0000010a   Code   RO         2018    .text.Motor_Class_Init  motor.o
    0x08006042   0x08006042   0x00000002   PAD
    0x08006044   0x08006044   0x00000082   Code   RO         2016    .text.Motor_Class_Pid_Init  motor.o
    0x080060c6   0x080060c6   0x00000002   PAD
    0x080060c8   0x080060c8   0x0000004a   Code   RO         2439    .text.Motor_Class_Pid_Update  test_motor.o
    0x08006112   0x08006112   0x00000002   PAD
    0x08006114   0x08006114   0x00000004   Code   RO          172    .text.NMI_Handler   stm32f4xx_it.o
    0x08006118   0x08006118   0x0000006c   Code   RO          614    .text.NVIC_EncodePriority  stm32f4xx_hal_cortex.o
    0x08006184   0x08006184   0x0000001e   Code   RO         1935    .text.PWM_Init      drv_tim.o
    0x080061a2   0x080061a2   0x0000000e   PAD
    0x080061b0   0x080061b0   0x00000064   Code   RO         1842    .text.PendSV_Handler  port.o
    0x08006214   0x08006214   0x00000022   Code   RO         2293    .text.RC_Init       remote.o
    0x08006236   0x08006236   0x0000000a   PAD
    0x08006240   0x08006240   0x00000024   Code   RO         1826    .text.SVC_Handler   port.o
    0x08006264   0x08006264   0x0000002c   Code   RO         2586    .text.StartControlTask  my_task.o
    0x08006290   0x08006290   0x00000010   Code   RO           41    .text.StartDefaultTask  freertos.o
    0x080062a0   0x080062a0   0x00000028   Code   RO         2590    .text.StartHeartBeatTask  my_task.o
    0x080062c8   0x080062c8   0x00000028   Code   RO         2588    .text.StartRealTimeTask  my_task.o
    0x080062f0   0x080062f0   0x0000003c   Code   RO         1844    .text.SysTick_Handler  port.o
    0x0800632c   0x0800632c   0x000000c2   Code   RO           13    .text.SystemClock_Config  main.o
    0x080063ee   0x080063ee   0x00000002   PAD
    0x080063f0   0x080063f0   0x00000012   Code   RO         1357    .text.SystemInit    system_stm32f4xx.o
    0x08006402   0x08006402   0x00000002   PAD
    0x08006404   0x08006404   0x00000010   Code   RO          198    .text.TIM2_IRQHandler  stm32f4xx_it.o
    0x08006414   0x08006414   0x0000019a   Code   RO          896    .text.TIM_Base_SetConfig  stm32f4xx_hal_tim.o
    0x080065ae   0x080065ae   0x00000002   PAD
    0x080065b0   0x080065b0   0x00000036   Code   RO          930    .text.TIM_CCxChannelCmd  stm32f4xx_hal_tim.o
    0x080065e6   0x080065e6   0x00000002   PAD
    0x080065e8   0x080065e8   0x000000ea   Code   RO         1040    .text.TIM_OC1_SetConfig  stm32f4xx_hal_tim.o
    0x080066d2   0x080066d2   0x00000002   PAD
    0x080066d4   0x080066d4   0x000000f4   Code   RO         1042    .text.TIM_OC2_SetConfig  stm32f4xx_hal_tim.o
    0x080067c8   0x080067c8   0x000000f2   Code   RO         1044    .text.TIM_OC3_SetConfig  stm32f4xx_hal_tim.o
    0x080068ba   0x080068ba   0x00000002   PAD
    0x080068bc   0x080068bc   0x000000a4   Code   RO         1046    .text.TIM_OC4_SetConfig  stm32f4xx_hal_tim.o
    0x08006960   0x08006960   0x00000094   Code   RO         2437    .text.Test_Motor_Config_Update  test_motor.o
    0x080069f4   0x080069f4   0x0000002c   Code   RO         2572    .text.Test_Pid_Calculating  test.o
    0x08006a20   0x08006a20   0x00000020   Code   RO         2570    .text.Test_Work     test.o
    0x08006a40   0x08006a40   0x0000001a   Code   RO         2576    .text.Test_Work_Normal  test.o
    0x08006a5a   0x08006a5a   0x00000002   PAD
    0x08006a5c   0x08006a5c   0x0000001c   Code   RO          208    .text.UART4_IRQHandler  stm32f4xx_it.o
    0x08006a78   0x08006a78   0x0000001c   Code   RO          210    .text.UART5_IRQHandler  stm32f4xx_it.o
    0x08006a94   0x08006a94   0x00000020   Code   RO         1314    .text.UART_DMAAbortOnError  stm32f4xx_hal_uart.o
    0x08006ab4   0x08006ab4   0x0000007c   Code   RO         1262    .text.UART_DMAError  stm32f4xx_hal_uart.o
    0x08006b30   0x08006b30   0x0000007a   Code   RO         1258    .text.UART_DMATransmitCplt  stm32f4xx_hal_uart.o
    0x08006baa   0x08006baa   0x00000002   PAD
    0x08006bac   0x08006bac   0x00000016   Code   RO         1260    .text.UART_DMATxHalfCplt  stm32f4xx_hal_uart.o
    0x08006bc2   0x08006bc2   0x00000002   PAD
    0x08006bc4   0x08006bc4   0x00000094   Code   RO         1276    .text.UART_EndRxTransfer  stm32f4xx_hal_uart.o
    0x08006c58   0x08006c58   0x00000026   Code   RO         1322    .text.UART_EndTransmit_IT  stm32f4xx_hal_uart.o
    0x08006c7e   0x08006c7e   0x00000002   PAD
    0x08006c80   0x08006c80   0x00000036   Code   RO         1274    .text.UART_EndTxTransfer  stm32f4xx_hal_uart.o
    0x08006cb6   0x08006cb6   0x00000002   PAD
    0x08006cb8   0x08006cb8   0x00000164   Code   RO         1312    .text.UART_Receive_IT  stm32f4xx_hal_uart.o
    0x08006e1c   0x08006e1c   0x0000013a   Code   RO         1232    .text.UART_SetConfig  stm32f4xx_hal_uart.o
    0x08006f56   0x08006f56   0x00000002   PAD
    0x08006f58   0x08006f58   0x00000094   Code   RO         1320    .text.UART_Transmit_IT  stm32f4xx_hal_uart.o
    0x08006fec   0x08006fec   0x00000136   Code   RO         2157    .text.UI_send_char_1  my_ui.o
    0x08007122   0x08007122   0x00000002   PAD
    0x08007124   0x08007124   0x0000001c   Code   RO          200    .text.USART1_IRQHandler  stm32f4xx_it.o
    0x08007140   0x08007140   0x00000058   Code   RO         1950    .text.USART1_Init   drv_uart.o
    0x08007198   0x08007198   0x00000018   Code   RO         2234    .text.USART1_rxDataHandler  config_uart.o
    0x080071b0   0x080071b0   0x0000001c   Code   RO          202    .text.USART2_IRQHandler  stm32f4xx_it.o
    0x080071cc   0x080071cc   0x0000005e   Code   RO         1954    .text.USART2_Init   drv_uart.o
    0x0800722a   0x0800722a   0x00000002   PAD
    0x0800722c   0x0800722c   0x0000002a   Code   RO         2236    .text.USART2_rxDataHandler  config_uart.o
    0x08007256   0x08007256   0x00000002   PAD
    0x08007258   0x08007258   0x0000001c   Code   RO          204    .text.USART3_IRQHandler  stm32f4xx_it.o
    0x08007274   0x08007274   0x00000056   Code   RO         1958    .text.USART3_Init   drv_uart.o
    0x080072ca   0x080072ca   0x00000002   PAD
    0x080072cc   0x080072cc   0x00000010   Code   RO         2238    .text.USART3_rxDataHandler  config_uart.o
    0x080072dc   0x080072dc   0x00000056   Code   RO         1960    .text.USART4_Init   drv_uart.o
    0x08007332   0x08007332   0x00000002   PAD
    0x08007334   0x08007334   0x00000008   Code   RO         2240    .text.USART4_rxDataHandler  config_uart.o
    0x0800733c   0x0800733c   0x00000008   Code   RO         2242    .text.USART5_rxDataHandler  config_uart.o
    0x08007344   0x08007344   0x0000001c   Code   RO          222    .text.USART6_IRQHandler  stm32f4xx_it.o
    0x08007360   0x08007360   0x00000056   Code   RO         1964    .text.USART6_Init   drv_uart.o
    0x080073b6   0x080073b6   0x00000002   PAD
    0x080073b8   0x080073b8   0x00000008   Code   RO         2244    .text.USART6_rxDataHandler  config_uart.o
    0x080073c0   0x080073c0   0x00000004   Code   RO          180    .text.UsageFault_Handler  stm32f4xx_it.o
    0x080073c4   0x080073c4   0x0000007c   Code   RO         2208    .text.Verify_CRC16_Check_Sum  crc.o
    0x08007440   0x08007440   0x0000005c   Code   RO         2202    .text.Verify_CRC8_Check_Sum  crc.o
    0x0800749c   0x0800749c   0x00000058   Code   RO         2185    .text.Vision_DataRx  vision_protocol.o
    0x080074f4   0x080074f4   0x00000030   Code   RO          618    .text.__NVIC_EnableIRQ  stm32f4xx_hal_cortex.o
    0x08007524   0x08007524   0x00000010   Code   RO          610    .text.__NVIC_GetPriorityGrouping  stm32f4xx_hal_cortex.o
    0x08007534   0x08007534   0x00000042   Code   RO          612    .text.__NVIC_SetPriority  stm32f4xx_hal_cortex.o
    0x08007576   0x08007576   0x00000002   PAD
    0x08007578   0x08007578   0x0000003c   Code   RO          606    .text.__NVIC_SetPriorityGrouping  stm32f4xx_hal_cortex.o
    0x080075b4   0x080075b4   0x00000026   Code   RO          626    .text.__NVIC_SystemReset  stm32f4xx_hal_cortex.o
    0x080075da   0x080075da   0x00000002   PAD
    0x080075dc   0x080075dc   0x0000009a   Code   RO         2315    .text.all_key_board_status_interrupt_update  remote.o
    0x08007676   0x08007676   0x00000002   PAD
    0x08007678   0x08007678   0x0000009a   Code   RO         2317    .text.all_key_board_status_update  remote.o
    0x08007712   0x08007712   0x00000002   PAD
    0x08007714   0x08007714   0x00000088   Code   RO         2010    .text.can_rx_buff   motor.o
    0x0800779c   0x0800779c   0x00000094   Code   RO         2008    .text.can_tx_buff   motor.o
    0x08007830   0x08007830   0x0000001c   Code   RO         2113    .text.client_info_update  my_judge.o
    0x0800784c   0x0800784c   0x000000ec   Code   RO         2141    .text.client_send_char  my_judge.o
    0x08007938   0x08007938   0x00000022   Code   RO         1970    .text.dma_m0_rxcplt_callback  drv_uart.o
    0x0800795a   0x0800795a   0x00000002   PAD
    0x0800795c   0x0800795c   0x00000024   Code   RO         1972    .text.dma_m1_rxcplt_callback  drv_uart.o
    0x08007980   0x08007980   0x000001e0   Code   RO         2129    .text.draw_char     my_judge.o
    0x08007b60   0x08007b60   0x000004ca   Code   RO         2014    .text.get_kt_9025_info  motor.o
    0x0800802a   0x0800802a   0x00000002   PAD
    0x0800802c   0x0800802c   0x000000e4   Code   RO         2020    .text.get_rm_can_drvie  motor.o
    0x08008110   0x08008110   0x000000dc   Code   RO         2012    .text.get_rm_info   motor.o
    0x080081ec   0x080081ec   0x000000f8   Code   RO         2100    .text.judge_update  judge_protocol.o
    0x080082e4   0x080082e4   0x00000070   Code   RO         2301    .text.key_board_cnt_max_set  remote.o
    0x08008354   0x08008354   0x000000a4   Code   RO         2319    .text.key_board_status_interrupt_update  remote.o
    0x080083f8   0x080083f8   0x0000006c   Code   RO         2321    .text.key_board_status_update  remote.o
    0x08008464   0x08008464   0x0000002a   Code   RO         1870    .text.lowpass       math_support.o
    0x0800848e   0x0800848e   0x00000002   PAD
    0x08008490   0x08008490   0x0000004c   Code   RO           11    .text.main          main.o
    0x080084dc   0x080084dc   0x00000028   Code   RO         1681    .text.makeFreeRtosPriority  cmsis_os.o
    0x08008504   0x08008504   0x000000da   Code   RO         2024    .text.motor_class_stucking_flag  motor.o
    0x080085de   0x080085de   0x00000002   PAD
    0x080085e0   0x080085e0   0x0000005c   Code   RO         2040    .text.motor_cycle   motor.o
    0x0800863c   0x0800863c   0x0000008c   Code   RO         2042    .text.motor_half_cycle  motor.o
    0x080086c8   0x080086c8   0x00000098   Code   RO         2028    .text.motor_judge_dir  motor.o
    0x08008760   0x08008760   0x000000b4   Code   RO         2026    .text.motor_offset  motor.o
    0x08008814   0x08008814   0x000000d4   Code   RO         2032    .text.motor_pid_angle  motor.o
    0x080088e8   0x080088e8   0x00000240   Code   RO         2046    .text.motor_pid_cal  motor.o
    0x08008b28   0x08008b28   0x00000170   Code   RO         2048    .text.motor_pid_ctrl  motor.o
    0x08008c98   0x08008c98   0x00000044   Code   RO         2038    .text.motor_pid_double  motor.o
    0x08008cdc   0x08008cdc   0x00000044   Code   RO         2044    .text.motor_pid_err  motor.o
    0x08008d20   0x08008d20   0x000000d2   Code   RO         2034    .text.motor_pid_position  motor.o
    0x08008df2   0x08008df2   0x00000002   PAD
    0x08008df4   0x08008df4   0x00000030   Code   RO         2036    .text.motor_pid_single  motor.o
    0x08008e24   0x08008e24   0x00000068   Code   RO         2030    .text.motor_pid_speed  motor.o
    0x08008e8c   0x08008e8c   0x00000028   Code   RO         1695    .text.osDelay       cmsis_os.o
    0x08008eb4   0x08008eb4   0x0000000a   Code   RO         1671    .text.osKernelStart  cmsis_os.o
    0x08008ebe   0x08008ebe   0x00000002   PAD
    0x08008ec0   0x08008ec0   0x000000ac   Code   RO         1679    .text.osThreadCreate  cmsis_os.o
    0x08008f6c   0x08008f6c   0x000000f4   Code   RO         1555    .text.prvAddCurrentTaskToDelayedList  tasks.o
    0x08009060   0x08009060   0x00000110   Code   RO         1541    .text.prvAddNewTaskToReadyList  tasks.o
    0x08009170   0x08009170   0x0000005a   Code   RO         1639    .text.prvCheckTasksWaitingTermination  tasks.o
    0x080091ca   0x080091ca   0x00000002   PAD
    0x080091cc   0x080091cc   0x0000005e   Code   RO         1547    .text.prvDeleteTCB  tasks.o
    0x0800922a   0x0800922a   0x00000002   PAD
    0x0800922c   0x0800922c   0x000000bc   Code   RO         1793    .text.prvHeapInit   heap_4.o
    0x080092e8   0x080092e8   0x00000038   Code   RO         1577    .text.prvIdleTask   tasks.o
    0x08009320   0x08009320   0x00000114   Code   RO         1539    .text.prvInitialiseNewTask  tasks.o
    0x08009434   0x08009434   0x0000008e   Code   RO         1637    .text.prvInitialiseTaskLists  tasks.o
    0x080094c2   0x080094c2   0x00000002   PAD
    0x080094c4   0x080094c4   0x000000c6   Code   RO         1795    .text.prvInsertBlockIntoFreeList  heap_4.o
    0x0800958a   0x0800958a   0x00000002   PAD
    0x0800958c   0x0800958c   0x00000028   Code   RO         1834    .text.prvPortStartFirstTask  port.o
    0x080095b4   0x080095b4   0x00000046   Code   RO         1549    .text.prvResetNextTaskUnblockTime  tasks.o
    0x080095fa   0x080095fa   0x00000002   PAD
    0x080095fc   0x080095fc   0x0000004c   Code   RO         1824    .text.prvTaskExitError  port.o
    0x08009648   0x08009648   0x000001ec   Code   RO         1791    .text.pvPortMalloc  heap_4.o
    0x08009834   0x08009834   0x0000005e   Code   RO         1822    .text.pxPortInitialiseStack  port.o
    0x08009892   0x08009892   0x00000002   PAD
    0x08009894   0x08009894   0x000001c0   Code   RO         2176    .text.rc_base_info_check  remote_protocol.o
    0x08009a54   0x08009a54   0x00000026   Code   RO         2295    .text.rc_base_info_init  remote.o
    0x08009a7a   0x08009a7a   0x00000002   PAD
    0x08009a7c   0x08009a7c   0x000001d8   Code   RO         2174    .text.rc_base_info_update  remote_protocol.o
    0x08009c54   0x08009c54   0x0000008c   Code   RO         2309    .text.rc_ctrl       remote.o
    0x08009ce0   0x08009ce0   0x00000032   Code   RO         2305    .text.rc_heart_beat  remote.o
    0x08009d12   0x08009d12   0x00000002   PAD
    0x08009d14   0x08009d14   0x00000014   Code   RO         2297    .text.rc_info_init  remote.o
    0x08009d28   0x08009d28   0x00000014   Code   RO         2299    .text.rc_interrupt_init  remote.o
    0x08009d3c   0x08009d3c   0x00000110   Code   RO         2303    .text.rc_interrupt_update  remote.o
    0x08009e4c   0x08009e4c   0x000000b0   Code   RO         2311    .text.rc_switch_status_interrupt_update  remote.o
    0x08009efc   0x08009efc   0x00000084   Code   RO         2313    .text.rc_wheel_status_interrupt_update  remote.o
    0x08009f80   0x08009f80   0x00000034   Code   RO         2307    .text.remote_soft_reset_check  remote.o
    0x08009fb4   0x08009fb4   0x00000016   Code   RO         2435    .text.test_motor_heart_beat  test_motor.o
    0x08009fca   0x08009fca   0x00000002   PAD
    0x08009fcc   0x08009fcc   0x00000012   Code   RO         2433    .text.test_motor_init  test_motor.o
    0x08009fde   0x08009fde   0x00000002   PAD
    0x08009fe0   0x08009fe0   0x0000009a   Code   RO         2155    .text.tick_task     my_ui.o
    0x0800a07a   0x0800a07a   0x00000002   PAD
    0x0800a07c   0x0800a07c   0x000001f0   Code   RO         1968    .text.uart_rx_idle_callback  drv_uart.o
    0x0800a26c   0x0800a26c   0x00000020   Code   RO         2133    .text.uart_send_data  my_judge.o
    0x0800a28c   0x0800a28c   0x00000048   Code   RO         1409    .text.uxListRemove  list.o
    0x0800a2d4   0x0800a2d4   0x0000002a   Code   RO           37    .text.vApplicationGetIdleTaskMemory  freertos.o
    0x0800a2fe   0x0800a2fe   0x00000002   PAD
    0x0800a300   0x0800a300   0x0000002e   Code   RO         1401    .text.vListInitialise  list.o
    0x0800a32e   0x0800a32e   0x00000002   PAD
    0x0800a330   0x0800a330   0x0000000e   Code   RO         1403    .text.vListInitialiseItem  list.o
    0x0800a33e   0x0800a33e   0x00000002   PAD
    0x0800a340   0x0800a340   0x0000006a   Code   RO         1407    .text.vListInsert   list.o
    0x0800a3aa   0x0800a3aa   0x00000002   PAD
    0x0800a3ac   0x0800a3ac   0x0000003a   Code   RO         1405    .text.vListInsertEnd  list.o
    0x0800a3e6   0x0800a3e6   0x00000002   PAD
    0x0800a3e8   0x0800a3e8   0x00000014   Code   RO         1832    .text.vPortEnableVFP  port.o
    0x0800a3fc   0x0800a3fc   0x00000056   Code   RO         1838    .text.vPortEnterCritical  port.o
    0x0800a452   0x0800a452   0x00000002   PAD
    0x0800a454   0x0800a454   0x0000004a   Code   RO         1840    .text.vPortExitCritical  port.o
    0x0800a49e   0x0800a49e   0x00000002   PAD
    0x0800a4a0   0x0800a4a0   0x000000ce   Code   RO         1797    .text.vPortFree     heap_4.o
    0x0800a56e   0x0800a56e   0x00000002   PAD
    0x0800a570   0x0800a570   0x00000044   Code   RO         1830    .text.vPortSetupTimerInterrupt  port.o
    0x0800a5b4   0x0800a5b4   0x0000006e   Code   RO         1551    .text.vTaskDelay    tasks.o
    0x0800a622   0x0800a622   0x00000002   PAD
    0x0800a624   0x0800a624   0x000000ce   Code   RO         1575    .text.vTaskStartScheduler  tasks.o
    0x0800a6f2   0x0800a6f2   0x00000002   PAD
    0x0800a6f4   0x0800a6f4   0x00000010   Code   RO         1553    .text.vTaskSuspendAll  tasks.o
    0x0800a704   0x0800a704   0x000000be   Code   RO         1567    .text.vTaskSwitchContext  tasks.o
    0x0800a7c2   0x0800a7c2   0x00000002   PAD
    0x0800a7c4   0x0800a7c4   0x00000156   Code   RO         1828    .text.xPortStartScheduler  port.o
    0x0800a91a   0x0800a91a   0x00000002   PAD
    0x0800a91c   0x0800a91c   0x0000009e   Code   RO         1543    .text.xTaskCreate   tasks.o
    0x0800a9ba   0x0800a9ba   0x00000002   PAD
    0x0800a9bc   0x0800a9bc   0x000000ce   Code   RO         1537    .text.xTaskCreateStatic  tasks.o
    0x0800aa8a   0x0800aa8a   0x00000002   PAD
    0x0800aa8c   0x0800aa8c   0x000001b8   Code   RO         1581    .text.xTaskIncrementTick  tasks.o
    0x0800ac44   0x0800ac44   0x00000178   Code   RO         1557    .text.xTaskResumeAll  tasks.o
    0x0800adbc   0x0800adbc   0x0000001a   Code   RO         4145    x$fpl$fpinit        fz_wm.l(fpinit.o)
    0x0800add6   0x0800add6   0x00000002   PAD
    0x0800add8   0x0800add8   0x0000001c   Data   RO           54    .rodata..L__const.MX_FREERTOS_Init.os_thread_def_ControlTask  freertos.o
    0x0800adf4   0x0800adf4   0x0000001c   Data   RO           56    .rodata..L__const.MX_FREERTOS_Init.os_thread_def_HeartBeatTask  freertos.o
    0x0800ae10   0x0800ae10   0x0000001c   Data   RO           58    .rodata..L__const.MX_FREERTOS_Init.os_thread_def_RealTimeTask  freertos.o
    0x0800ae2c   0x0800ae2c   0x0000001c   Data   RO           52    .rodata..L__const.MX_FREERTOS_Init.os_thread_def_defaultTask  freertos.o
    0x0800ae48   0x0800ae48   0x00000010   Data   RO         1362    .rodata.AHBPrescTable  system_stm32f4xx.o
    0x0800ae58   0x0800ae58   0x00000008   Data   RO         1363    .rodata.APBPrescTable  system_stm32f4xx.o
    0x0800ae60   0x0800ae60   0x00000100   Data   RO         2213    .rodata.CRC8_TAB    crc.o
    0x0800af60   0x0800af60   0x00000008   Data   RO          536    .rodata.DMA_CalcBaseAndBitshift.flagBitshiftOffset  stm32f4xx_hal_dma.o
    0x0800af68   0x0800af68   0x00000033   Data   RO           51    .rodata.str1.1      freertos.o
    0x0800af9b   0x0800af9b   0x00000005   Data   RO         1652    .rodata.str1.1      tasks.o
    0x0800afa0   0x0800afa0   0x00000004   Data   RO         2165    .rodata.str1.1      my_ui.o
    0x0800afa4   0x0800afa4   0x00000200   Data   RO         2215    .rodata.wCRC_Table  crc.o
    0x0800b1a4   0x0800b1a4   0x00000020   Data   RO         4206    Region$$Table       anon$$obj.o


    Execution Region RW_IRAM1 (Exec base: 0x20000000, Load base: 0x0800b1c8, Size: 0x00005880, Max: 0x0001c000, ABSOLUTE, COMPRESSED[0x00000058])

    Exec Addr    Load Addr    Size         Type   Attr      Idx    E Section Name        Object

    0x20000000   COMPRESSED   0x00000002   Data   RW         2214    .data.CRC_INIT      crc.o
    0x20000002   COMPRESSED   0x00000002   PAD
    0x20000004   COMPRESSED   0x00000004   Data   RW         1361    .data.SystemCoreClock  system_stm32f4xx.o
    0x20000008   COMPRESSED   0x00000004   Data   RW         2163    .data.UI_send_char_1.operate_tpye  my_ui.o
    0x2000000c   COMPRESSED   0x00000004   Data   RW         2143    .data.client_info   my_judge.o
    0x20000010   COMPRESSED   0x00000057   Data   RW         2253    .data.config_test   config_test.o
    0x20000067   COMPRESSED   0x00000001   PAD
    0x20000068   COMPRESSED   0x00000060   Data   RW         2265    .data.device        device.o
    0x200000c8   COMPRESSED   0x00000094   Data   RW         2104    .data.judge         judge_protocol.o
    0x2000015c   COMPRESSED   0x00000008   Data   RW         2326    .data.rc            remote.o
    0x20000164   COMPRESSED   0x0000000c   Data   RW         2578    .data.test          test.o
    0x20000170   COMPRESSED   0x00000318   Data   RW         2441    .data.test_motor    test_motor.o
    0x20000488   COMPRESSED   0x00000001   Data   RW          730    .data.uwTickFreq    stm32f4xx_hal.o
    0x20000489   COMPRESSED   0x00000003   PAD
    0x2000048c   COMPRESSED   0x00000004   Data   RW          729    .data.uwTickPrio    stm32f4xx_hal.o
    0x20000490   COMPRESSED   0x00000004   Data   RW         1850    .data.uxCriticalNesting  port.o
    0x20000494   COMPRESSED   0x0000001e   Data   RW         2161    .data.vision_yaw_info  my_ui.o
    0x200004b2   COMPRESSED   0x00000006   PAD
    0x200004b8        -       0x00000060   Zero   RW         4053    .bss                c_w.l(libspace.o)
    0x20000518        -       0x00000018   Zero   RW         1910    .bss.CAN_TxHeadeType  drv_can.o
    0x20000530        -       0x00000004   Zero   RW           55    .bss.ControlTaskHandle  freertos.o
    0x20000534        -       0x00000004   Zero   RW           77    .bss.HAL_RCC_CAN1_CLK_ENABLED  can.o
    0x20000538        -       0x00000004   Zero   RW           57    .bss.HeartBeatTaskHandle  freertos.o
    0x2000053c        -       0x00000004   Zero   RW           59    .bss.RealTimeTaskHandle  freertos.o
    0x20000540        -       0x00000004   Zero   RW         2162    .bss.UI_send_char_1.cnt  my_ui.o
    0x20000544        -       0x00000008   Zero   RW         2076    .bss.can_txbuff     can_protocol.o
    0x2000054c        -       0x00000080   Zero   RW         2144    .bss.client_tx_buf  my_judge.o
    0x200005cc        -       0x00000004   Zero   RW           53    .bss.defaultTaskHandle  freertos.o
    0x200005d0        -       0x00000002   Zero   RW         2105    .bss.frame_length   judge_protocol.o
    0x200005d2   COMPRESSED   0x00000002   PAD
    0x200005d4        -       0x00000028   Zero   RW           75    .bss.hcan1          can.o
    0x200005fc        -       0x00000024   Zero   RW         2074    .bss.hcan1RxFrame   can_protocol.o
    0x20000620        -       0x00000028   Zero   RW           76    .bss.hcan2          can.o
    0x20000648        -       0x00000024   Zero   RW         2075    .bss.hcan2RxFrame   can_protocol.o
    0x2000066c        -       0x00000060   Zero   RW          154    .bss.hdma_uart4_rx  usart.o
    0x200006cc        -       0x00000060   Zero   RW          155    .bss.hdma_uart4_tx  usart.o
    0x2000072c        -       0x00000060   Zero   RW          156    .bss.hdma_uart5_rx  usart.o
    0x2000078c        -       0x00000060   Zero   RW          157    .bss.hdma_uart5_tx  usart.o
    0x200007ec        -       0x00000060   Zero   RW          158    .bss.hdma_usart1_rx  usart.o
    0x2000084c        -       0x00000060   Zero   RW          159    .bss.hdma_usart1_tx  usart.o
    0x200008ac        -       0x00000060   Zero   RW          160    .bss.hdma_usart2_rx  usart.o
    0x2000090c        -       0x00000060   Zero   RW          161    .bss.hdma_usart3_rx  usart.o
    0x2000096c        -       0x00000060   Zero   RW          162    .bss.hdma_usart3_tx  usart.o
    0x200009cc        -       0x00000060   Zero   RW          163    .bss.hdma_usart6_rx  usart.o
    0x20000a2c        -       0x00000060   Zero   RW          164    .bss.hdma_usart6_tx  usart.o
    0x20000a8c        -       0x0000000c   Zero   RW           95    .bss.hiwdg          iwdg.o
    0x20000a98        -       0x00000058   Zero   RW          108    .bss.hspi2          spi.o
    0x20000af0        -       0x00000048   Zero   RW          124    .bss.htim11         tim.o
    0x20000b38        -       0x00000048   Zero   RW          245    .bss.htim2          stm32f4xx_hal_timebase_tim.o
    0x20000b80        -       0x00000044   Zero   RW          150    .bss.huart1         usart.o
    0x20000bc4        -       0x00000044   Zero   RW          151    .bss.huart2         usart.o
    0x20000c08        -       0x00000044   Zero   RW          152    .bss.huart3         usart.o
    0x20000c4c        -       0x00000044   Zero   RW          148    .bss.huart4         usart.o
    0x20000c90        -       0x00000044   Zero   RW          149    .bss.huart5         usart.o
    0x20000cd4        -       0x00000044   Zero   RW          153    .bss.huart6         usart.o
    0x20000d18        -       0x00000004   Zero   RW         1641    .bss.pxCurrentTCB   tasks.o
    0x20000d1c        -       0x00000004   Zero   RW         1658    .bss.pxDelayedTaskList  tasks.o
    0x20000d20        -       0x00000004   Zero   RW         1807    .bss.pxEnd          heap_4.o
    0x20000d24        -       0x00000004   Zero   RW         1659    .bss.pxOverflowDelayedTaskList  tasks.o
    0x20000d28        -       0x0000008c   Zero   RW         1642    .bss.pxReadyTasksLists  tasks.o
    0x20000db4        -       0x00000086   Zero   RW         2324    .bss.rc_base_info   remote.o
    0x20000e3a   COMPRESSED   0x00000002   PAD
    0x20000e3c        -       0x00000014   Zero   RW         2325    .bss.rc_info        remote.o
    0x20000e50        -       0x00000001   Zero   RW         2323    .bss.rc_interrupt   remote.o
    0x20000e51   COMPRESSED   0x00000001   PAD
    0x20000e52        -       0x00000002   Zero   RW         2329    .bss.rc_interrupt_update.index  remote.o
    0x20000e54        -       0x0000000a   Zero   RW         2327    .bss.rc_interrupt_update.mouse_x  remote.o
    0x20000e5e        -       0x0000000a   Zero   RW         2328    .bss.rc_interrupt_update.mouse_y  remote.o
    0x20000e68        -       0x00000002   Zero   RW         2159    .bss.tick_task.cnt  my_ui.o
    0x20000e6a        -       0x00000001   Zero   RW         2160    .bss.tick_task.task_num  my_ui.o
    0x20000e6b        -       0x00003c00   Zero   RW         1814    .bss.ucHeap         heap_4.o
    0x20004a6b        -       0x00000001   Zero   RW         1848    .bss.ucMaxSysCallPriority  port.o
    0x20004a6c        -       0x00000004   Zero   RW         1849    .bss.ulMaxPRIGROUPValue  port.o
    0x20004a70        -       0x0000015e   Zero   RW         1974    .bss.usart1_dma_rxbuf  drv_uart.o
    0x20004bce        -       0x00000030   Zero   RW         1975    .bss.usart2_dma_rxbuf  drv_uart.o
    0x20004bfe        -       0x000000c8   Zero   RW         1976    .bss.usart3_dma_rxbuf  drv_uart.o
    0x20004cc6        -       0x000000c8   Zero   RW         1977    .bss.usart4_dma_rxbuf  drv_uart.o
    0x20004d8e        -       0x000000c8   Zero   RW         1978    .bss.usart5_dma_rxbuf  drv_uart.o
    0x20004e56        -       0x000000c8   Zero   RW         1979    .bss.usart6_dma_rxbuf  drv_uart.o
    0x20004f1e   COMPRESSED   0x00000002   PAD
    0x20004f20        -       0x00000004   Zero   RW          731    .bss.uwTick         stm32f4xx_hal.o
    0x20004f24        -       0x00000004   Zero   RW         1647    .bss.uxCurrentNumberOfTasks  tasks.o
    0x20004f28        -       0x00000004   Zero   RW         1646    .bss.uxDeletedTasksWaitingCleanUp  tasks.o
    0x20004f2c        -       0x00000004   Zero   RW         1649    .bss.uxSchedulerSuspended  tasks.o
    0x20004f30        -       0x00000004   Zero   RW         1644    .bss.uxTaskNumber   tasks.o
    0x20004f34        -       0x00000004   Zero   RW         1643    .bss.uxTopReadyPriority  tasks.o
    0x20004f38        -       0x00000015   Zero   RW         2190    .bss.vision_rx_info  vision_protocol.o
    0x20004f4d        -       0x0000000f   Zero   RW         2164    .bss.vision_yaw_buff  my_ui.o
    0x20004f5c        -       0x0000002d   Zero   RW         2166    .bss.vision_yaw_character  my_ui.o
    0x20004f89   COMPRESSED   0x00000003   PAD
    0x20004f8c        -       0x00000004   Zero   RW         1808    .bss.xBlockAllocatedBit  heap_4.o
    0x20004f90        -       0x00000014   Zero   RW         1661    .bss.xDelayedTaskList1  tasks.o
    0x20004fa4        -       0x00000014   Zero   RW         1662    .bss.xDelayedTaskList2  tasks.o
    0x20004fb8        -       0x00000004   Zero   RW         1809    .bss.xFreeBytesRemaining  heap_4.o
    0x20004fbc        -       0x00000200   Zero   RW           50    .bss.xIdleStack     freertos.o
    0x200051bc        -       0x00000004   Zero   RW         1653    .bss.xIdleTaskHandle  tasks.o
    0x200051c0        -       0x00000054   Zero   RW           49    .bss.xIdleTaskTCBBuffer  freertos.o
    0x20005214        -       0x00000004   Zero   RW         1811    .bss.xMinimumEverFreeBytesRemaining  heap_4.o
    0x20005218        -       0x00000004   Zero   RW         1654    .bss.xNextTaskUnblockTime  tasks.o
    0x2000521c        -       0x00000004   Zero   RW         1660    .bss.xNumOfOverflows  tasks.o
    0x20005220        -       0x00000004   Zero   RW         1812    .bss.xNumberOfSuccessfulAllocations  heap_4.o
    0x20005224        -       0x00000004   Zero   RW         1813    .bss.xNumberOfSuccessfulFrees  heap_4.o
    0x20005228        -       0x00000004   Zero   RW         1657    .bss.xPendedTicks   tasks.o
    0x2000522c        -       0x00000014   Zero   RW         1651    .bss.xPendingReadyList  tasks.o
    0x20005240        -       0x00000004   Zero   RW         1648    .bss.xSchedulerRunning  tasks.o
    0x20005244        -       0x00000008   Zero   RW         1810    .bss.xStart         heap_4.o
    0x2000524c        -       0x00000014   Zero   RW         1650    .bss.xSuspendedTaskList  tasks.o
    0x20005260        -       0x00000014   Zero   RW         1645    .bss.xTasksWaitingTermination  tasks.o
    0x20005274        -       0x00000004   Zero   RW         1655    .bss.xTickCount     tasks.o
    0x20005278        -       0x00000004   Zero   RW         1656    .bss.xYieldPending  tasks.o
    0x2000527c   COMPRESSED   0x00000004   PAD
    0x20005280        -       0x00000200   Zero   RW            2    HEAP                startup_stm32f407xx.o
    0x20005480        -       0x00000400   Zero   RW            1    STACK               startup_stm32f407xx.o


    Execution Region RW_IRAM2 (Exec base: 0x2001c000, Load base: 0x0800b220, Size: 0x00000000, Max: 0x00004000, ABSOLUTE)

    **** No section assigned to this execution region ****


==============================================================================

Image component sizes


      Code (inc. data)   RO Data    RW Data    ZI Data      Debug   Object Name

       544          0          0          0         84       6438   can.o
       970          0          0          0         80       4262   can_protocol.o
       262          0          0          0          0      16122   cmsis_os.o
        88          0          0          0          0        921   config_can.o
         0          0          0         87          0        876   config_test.o
       106          0          0          0          0       1101   config_uart.o
       556          0        768          2          0       2115   crc.o
        32          0          0         96          0       4618   device.o
       278          0          0          0          0       3314   dma.o
        36          0          0          0          0        348   drive.o
       180          0          0          0         24       1977   drv_can.o
       110          0          0          0          0       1396   drv_tim.o
      3142          0          0          0       1198       6456   drv_uart.o
       316          0        163          0        612       3407   freertos.o
       362          0          0          0          0       2191   gpio.o
      1084          0          0          0      15392       4385   heap_4.o
         0          0          0          0         12       1070   iwdg.o
       888          0          0        148          2       5873   judge_protocol.o
       296          0          0          0          0       2185   list.o
       312          0          0          0          0       5650   main.o
        42          0          0          0          0       2594   math_support.o
      5324         36          0          0          0      12297   motor.o
       776          0          0          4        128       7001   my_judge.o
       124          0          0          0          0        673   my_task.o
       464          0          4         34         67       2005   my_ui.o
       996         16          0          4          5       3792   port.o
      1626          4          0          8        177       5228   remote.o
       920          0          0          0          0       2304   remote_protocol.o
       224          0          0          0         88       4832   spi.o
        64         26        392          0       1536        824   startup_stm32f407xx.o
        92          0          0          5          4       7079   stm32f4xx_hal.o
      3088          0          0          0          0      11285   stm32f4xx_hal_can.o
       426          0          0          0          0       9392   stm32f4xx_hal_cortex.o
      2068          8          8          0          0       8439   stm32f4xx_hal_dma.o
       996          0          0          0          0       5058   stm32f4xx_hal_gpio.o
        20          0          0          0          0       1492   stm32f4xx_hal_iwdg.o
        88          0          0          0          0       3328   stm32f4xx_hal_msp.o
      2730          0          0          0          0       7542   stm32f4xx_hal_rcc.o
       256          0          0          0          0      19635   stm32f4xx_hal_spi.o
      3360         14          0          0          0      35723   stm32f4xx_hal_tim.o
        16          0          0          0          0      15227   stm32f4xx_hal_tim_ex.o
       236          0          0          0         72       7073   stm32f4xx_hal_timebase_tim.o
      2882          0          0          0          0      20081   stm32f4xx_hal_uart.o
       414          0          0          0          0       2704   stm32f4xx_it.o
        18          0         24          4          0       2495   system_stm32f4xx.o
      2946          0          5          0        300      20283   tasks.o
       102          0          0         12          0       4903   test.o
       262          0          0        792          0       4781   test_motor.o
       316          0          0          0         72       5624   tim.o
      2296          0          0          0       1464       9253   usart.o
        88          0          0          0         21       4243   vision_protocol.o

    ----------------------------------------------------------------------
     43052        104       1396       1204      21356     321895   Object Totals
         0          0         32          0          0          0   (incl. Generated)
       230          0          0          8         18          0   (incl. Padding)

    ----------------------------------------------------------------------

      Code (inc. data)   RO Data    RW Data    ZI Data      Debug   Library Member Name

        90          0          0          0          0          0   __dczerorl2.o
         8          0          0          0          0         68   __main.o
         0          0          0          0          0          0   __rtentry.o
        12          0          0          0          0          0   __rtentry2.o
         6          0          0          0          0          0   __rtentry4.o
        52          8          0          0          0          0   __scatter.o
        28          0          0          0          0          0   __scatter_zi.o
        18          0          0          0          0         80   exit.o
         6          0          0          0          0        152   heapauxi.o
         0          0          0          0          0          0   indicate_semi.o
         2          0          0          0          0          0   libinit.o
         6          0          0          0          0          0   libinit2.o
         2          0          0          0          0          0   libshutdown.o
         2          0          0          0          0          0   libshutdown2.o
         8          4          0          0         96         68   libspace.o
       240          0          0          0          0        100   lludivv7m.o
        68          0          0          0          0         68   rt_memclr.o
        78          0          0          0          0         80   rt_memclr_w.o
       138          0          0          0          0         68   rt_memcpy_v6.o
       100          0          0          0          0         80   rt_memcpy_w.o
         2          0          0          0          0          0   rtexit.o
        10          0          0          0          0          0   rtexit2.o
        62          0          0          0          0         76   strlen.o
        12          4          0          0          0         68   sys_exit.o
        74          0          0          0          0         80   sys_stackheap_outer.o
         2          0          0          0          0         68   use_no_semi.o
        26          0          0          0          0        116   fpinit.o

    ----------------------------------------------------------------------
      1060         16          0          0         96       1172   Library Totals
         8          0          0          0          0          0   (incl. Padding)

    ----------------------------------------------------------------------

      Code (inc. data)   RO Data    RW Data    ZI Data      Debug   Library Name

      1026         16          0          0         96       1056   c_w.l
        26          0          0          0          0        116   fz_wm.l

    ----------------------------------------------------------------------
      1060         16          0          0         96       1172   Library Totals

    ----------------------------------------------------------------------

==============================================================================


      Code (inc. data)   RO Data    RW Data    ZI Data      Debug   

     44112        120       1396       1204      21452     321659   Grand Totals
     44112        120       1396         88      21452     321659   ELF Image Totals (compressed)
     44112        120       1396         88          0          0   ROM Totals

==============================================================================

    Total RO  Size (Code + RO Data)                45508 (  44.44kB)
    Total RW  Size (RW Data + ZI Data)             22656 (  22.12kB)
    Total ROM Size (Code + RO Data + RW Data)      45596 (  44.53kB)

==============================================================================

